******************************************************************************
            TI ARM Clang Linker Unix v2.1.3                    
******************************************************************************
>> Linked Thu Sep  5 01:30:41 2024

OUTPUT FILE NAME:   <ECE319K_Lab4.out>
ENTRY POINT SYMBOL: "_c_int00_noargs"  address: 0000148d


MEMORY CONFIGURATION

         name            origin    length      used     unused   attr    fill
----------------------  --------  ---------  --------  --------  ----  --------
  FLASH                 00000000   00020000  00002030  0001dfd0  R  X
  SRAM                  20200000   00008000  00000640  000079c0  RW X
  BCR_CONFIG            41c00000   00000080  00000000  00000080  R   
  BSL_CONFIG            41c00100   00000080  00000000  00000080  R   


SEGMENT ALLOCATION MAP

run origin  load origin   length   init length attrs members
----------  ----------- ---------- ----------- ----- -------
00000000    00000000    00002030   00002030    r-x
  00000000    00000000    000000c0   000000c0    r-- .intvecs
  000000c0    000000c0    00001598   00001598    r-x .text
  00001658    00001658    000009a8   000009a8    r-- .rodata
  00002000    00002000    00000030   00000030    r-- .cinit
20200000    20200000    00000440   00000000    rw-
  20200000    20200000    00000220   00000000    rw- .bss
  20200220    20200220    00000200   00000000    rw- .sysmem
  20200420    20200420    00000020   00000000    rw- .data
20207e00    20207e00    00000200   00000000    rw-
  20207e00    20207e00    00000200   00000000    rw- .stack


SECTION ALLOCATION MAP

 output                                  attributes/
section   page    origin      length       input sections
--------  ----  ----------  ----------   ----------------
.intvecs   0    00000000    000000c0     
                  00000000    000000c0     startup_mspm0g3507_ticlang.o (.intvecs)

.text      0    000000c0    00001598     
                  000000c0    0000031c     ECE319K_Lab4Grader.o (.text.TIMG7_IRQHandler)
                  000003dc    00000298     ECE319K_Lab4Grader.o (.text.CheckInitialization)
                  00000674    00000294     ECE319K_Lab4Grader.o (.text.Lab4Grader)
                  00000908    000001b4     Clock.o (.text.Clock_Init80MHz)
                  00000abc    00000130     UARTints.o (.text.UART_Init)
                  00000bec    000000a8     Timer.o (.text.TimerG7_IntArm)
                  00000c94    00000088     ECE319K_Lab4main.o (.text.main)
                  00000d1c    0000007c     LaunchPad.o (.text.LaunchPad_Init)
                  00000d98    0000007c     ECE319K_Lab4Grader.o (.text.ReadSensor)
                  00000e14    00000068     libc.a : copy_decompress_lzss.c.obj (.text:decompress:lzss)
                  00000e7c    00000064     ECE319K_Lab4Grader.o (.text.GetState)
                  00000ee0    00000064     ECE319K_Lab4main.o (.text.Traffic_Init)
                  00000f44    00000060     Timer.o (.text.TimerG12_Init)
                  00000fa4    0000005c     ECE319K_Lab4Grader.o (.text.ReadSouth)
                  00001000    0000005c     UARTints.o (.text.UART0_IRQHandler)
                  0000105c    00000058     UARTints.o (.text.copyHardwareToSoftware)
                  000010b4    00000050     Dump.o (.text.Debug_Dump)
                  00001104    0000004c     ECE319K_Lab4Grader.o (.text.ReadWest)
                  00001150    0000004c     FIFO.o (.text.RxFifo_Put)
                  0000119c    0000004c     FIFO.o (.text.TxFifo_Get)
                  000011e8    0000004c     FIFO.o (.text.TxFifo_Put)
                  00001234    0000004c     UARTints.o (.text.copySoftwareToHardware)
                  00001280    00000040     UARTints.o (.text.UART_OutChar)
                  000012c0    00000040     libclang_rt.builtins.a : aeabi_uidivmod.S.obj (.text)
                  00001300    0000003c     libc.a : autoinit.c.obj (.text:__TI_auto_init_nobinit_nopinit)
                  0000133c    00000038     LaunchPad.o (.text.ActivatePortA_B)
                  00001374    00000036     UART.o (.text.UART_OutUDec)
                  000013aa    00000002     libclang_rt.builtins.a : aeabi_div0.c.obj (.text.__aeabi_idiv0)
                  000013ac    00000034     Clock.o (.text.SysTick_Wait)
                  000013e0    00000034     ECE319K_Lab4Grader.o (.text.setUpper)
                  00001414    00000028     ECE319K_Lab4Grader.o (.text.Grader_Init)
                  0000143c    00000028     ECE319K_Lab4Grader.o (.text.ReadWalk)
                  00001464    00000028     Clock.o (.text.SysTick_Wait10ms)
                  0000148c    00000028     libc.a : boot_cortex_m.c.obj (.text:_c_int00_noargs)
                  000014b4    00000026     UART.o (.text.UART_OutString)
                  000014da    00000002     --HOLE-- [fill = 0]
                  000014dc    00000020     ECE319K_Lab4Grader.o (.text.Random32)
                  000014fc    00000020     Clock.o (.text.SysTick_Init)
                  0000151c    00000020     ECE319K_Lab4main.o (.text.Traffic_Out)
                  0000153c    00000018     FIFO.o (.text.RxFifo_Size)
                  00001554    00000018     FIFO.o (.text.TxFifo_Size)
                  0000156c    00000016     libc.a : strcmp.c.obj (.text.strcmp)
                  00001582    00000002     --HOLE-- [fill = 0]
                  00001584    00000014     Dump.o (.text.Debug_Init)
                  00001598    00000014     FIFO.o (.text.RxFifo_Init)
                  000015ac    00000014     ECE319K_Lab4main.o (.text.Traffic_In)
                  000015c0    00000014     FIFO.o (.text.TxFifo_Init)
                  000015d4    00000014     libc.a : copy_zero_init.c.obj (.text:decompress:ZI:__TI_zero_init_nomemset)
                  000015e8    00000012            : memcpy16.S.obj (.text:TI_memcpy_small)
                  000015fa    00000012            : copy_decompress_none.c.obj (.text:decompress:none)
                  0000160c    00000010     Clock.o (.text.Clock_Delay)
                  0000161c    00000010     ECE319K_Lab4Grader.o (.text.OutCRLF)
                  0000162c    0000000c     Clock.o (.text.Clock_Freq)
                  00001638    00000008     libclang_rt.builtins.a : aeabi_memcpy.S.obj (.text)
                  00001640    00000004     startup_mspm0g3507_ticlang.o (.text.Default_Handler)
                  00001644    00000004     startup_mspm0g3507_ticlang.o (.text.HardFault_Handler)
                  00001648    00000004     startup_mspm0g3507_ticlang.o (.text.Reset_Handler)
                  0000164c    00000004     libc.a : pre_init.c.obj (.text._system_pre_init)
                  00001650    00000004            : exit.c.obj (.text:abort)
                  00001654    00000004     --HOLE-- [fill = 0]

.cinit     0    00002000    00000030     
                  00002000    0000000c     (.cinit..data.load) [load image, compression = lzss]
                  0000200c    0000000c     (__TI_handler_table)
                  00002018    00000008     (.cinit..bss.load) [load image, compression = zero_init]
                  00002020    00000010     (__TI_cinit_table)

.rodata    0    00001658    000009a8     
                  00001658    00000291     ECE319K_Lab4Grader.o (.rodata.str1.1)
                  000018e9    00000003     --HOLE-- [fill = 0]
                  000018ec    00000270     ECE319K_Lab4main.o (.rodata.TrafficSystem)
                  00001b5c    00000140     ECE319K_Lab4Grader.o (.rodata.SensorProblem)
                  00001c9c    000000f0     ECE319K_Lab4Grader.o (.rodata.SouthProblem)
                  00001d8c    000000c8     ECE319K_Lab4Grader.o (.rodata.PatternProblem)
                  00001e54    000000c4     ECE319K_Lab4Grader.o (.rodata.pat)
                  00001f18    000000a0     ECE319K_Lab4Grader.o (.rodata.WestProblem)
                  00001fb8    0000001c     ECE319K_Lab4Grader.o (.rodata.validPatterns)
                  00001fd4    00000018     ECE319K_Lab4Grader.o (.rodata.Patterns)
                  00001fec    00000008     ECE319K_Lab4main.o (.rodata.EID1)
                  00001ff4    00000006     ECE319K_Lab4main.o (.rodata.EID2)
                  00001ffa    00000006     --HOLE-- [fill = 0]

.init_array 
*          0    00000000    00000000     UNINITIALIZED

.binit     0    00000000    00000000     

.bss       0    20200000    00000220     UNINITIALIZED
                  20200000    000000c8     (.common:DataBuffer)
                  202000c8    000000c8     (.common:TimeBuffer)
                  20200190    00000040     FIFO.o (.bss.TxFifo)
                  202001d0    00000010     FIFO.o (.bss.RxFifo)
                  202001e0    00000004     (.common:DebugCnt)
                  202001e4    00000004     (.common:LastIn)
                  202001e8    00000004     (.common:LastOut)
                  202001ec    00000004     (.common:LastState)
                  202001f0    00000004     (.common:LookingFlag)
                  202001f4    00000004     (.common:LookingFor)
                  202001f8    00000004     (.common:M)
                  202001fc    00000004     (.common:NeedState)
                  20200200    00000004     (.common:RxGetI)
                  20200204    00000004     (.common:RxPutI)
                  20200208    00000004     (.common:TxGetI)
                  2020020c    00000004     (.common:TxPutI)
                  20200210    00000004     (.common:WrongState)
                  20200214    00000004     (.common:in)
                  20200218    00000004     (.common:out)
                  2020021c    00000004     (.common:state)

.sysmem    0    20200220    00000200     UNINITIALIZED
                  20200220    00000010     libc.a : memory.c.obj (.sysmem)
                  20200230    000001f0     --HOLE--

.data      0    20200420    00000020     UNINITIALIZED
                  20200420    00000004     Clock.o (.data.BusFreq)
                  20200424    00000004     ECE319K_Lab4Grader.o (.data.Fail)
                  20200428    00000004     ECE319K_Lab4Grader.o (.data.PatternMode)
                  2020042c    00000004     ECE319K_Lab4Grader.o (.data.Score)
                  20200430    00000004     ECE319K_Lab4Grader.o (.data.SensorMode)
                  20200434    00000004     ECE319K_Lab4Grader.o (.data.SouthMode)
                  20200438    00000004     ECE319K_Lab4Grader.o (.data.Time)
                  2020043c    00000004     ECE319K_Lab4Grader.o (.data.WestMode)

.stack     0    20207e00    00000200     UNINITIALIZED
                  20207e00    00000004     libc.a : boot_cortex_m.c.obj (.stack)
                  20207e04    000001fc     --HOLE--

__llvm_prf_cnts 
*          0    20200000    00000000     UNINITIALIZED

__llvm_prf_bits 
*          0    20200000    00000000     UNINITIALIZED

MODULE SUMMARY

       Module                         code   ro data   rw data
       ------                         ----   -------   -------
    ./
       ECE319K_Lab4Grader.o           2692   1825      72     
       ECE319K_Lab4main.o             288    638       0      
       UARTints.o                     624    0         0      
       Clock.o                        588    0         4      
       Dump.o                         100    0         404    
       FIFO.o                         316    0         96     
       Timer.o                        264    0         0      
       LaunchPad.o                    180    0         0      
       UART.o                         92     0         0      
    +--+------------------------------+------+---------+---------+
       Total:                         5144   2463      576    
                                                              
    ./ticlang/
       startup_mspm0g3507_ticlang.o   12     192       0      
    +--+------------------------------+------+---------+---------+
       Total:                         12     192       0      
                                                              
    /Applications/ti/ccs1240/ccs/tools/compiler/ti-cgt-armllvm_2.1.3.LTS/lib/armv6m-ti-none-eabi/c/libc.a
       copy_decompress_lzss.c.obj     104    0         0      
       autoinit.c.obj                 60     0         0      
       boot_cortex_m.c.obj            40     0         0      
       strcmp.c.obj                   22     0         0      
       copy_zero_init.c.obj           20     0         0      
       copy_decompress_none.c.obj     18     0         0      
       memcpy16.S.obj                 18     0         0      
       exit.c.obj                     4      0         0      
       pre_init.c.obj                 4      0         0      
    +--+------------------------------+------+---------+---------+
       Total:                         290    0         0      
                                                              
    /Applications/ti/ccs1240/ccs/tools/compiler/ti-cgt-armllvm_2.1.3.LTS/lib/clang/14.0.6/lib/armv6m-ti-none-eabi/libclang_rt.builtins.a
       aeabi_uidivmod.S.obj           64     0         0      
       aeabi_memcpy.S.obj             8      0         0      
       aeabi_div0.c.obj               2      0         0      
    +--+------------------------------+------+---------+---------+
       Total:                         74     0         0      
                                                              
       Heap:                          0      0         512    
       Stack:                         0      0         512    
       Linker Generated:              0      48        0      
    +--+------------------------------+------+---------+---------+
       Grand Total:                   5520   2703      1600   


LINKER GENERATED COPY TABLES

__TI_cinit_table @ 00002020 records: 2, size/record: 8, table size: 16
	.data: load addr=00002000, load size=0000000c bytes, run addr=20200420, run size=00000020 bytes, compression=lzss
	.bss: load addr=00002018, load size=00000008 bytes, run addr=20200000, run size=00000220 bytes, compression=zero_init


LINKER GENERATED HANDLER TABLE

__TI_handler_table @ 0000200c records: 3, size/record: 4, table size: 12
	index: 0, handler: __TI_decompress_lzss
	index: 1, handler: __TI_decompress_none
	index: 2, handler: __TI_zero_init


GLOBAL SYMBOLS: SORTED ALPHABETICALLY BY Name 

address   name                          
-------   ----                          
00001641  ADC0_IRQHandler               
00001641  ADC1_IRQHandler               
00001641  AES_IRQHandler                
0000133d  ActivatePortA_B               
20200420  BusFreq                       
00001650  C$$EXIT                       
00001641  CANFD0_IRQHandler             
000003dd  CheckInitialization           
0000160d  Clock_Delay                   
0000162d  Clock_Freq                    
00000909  Clock_Init80MHz               
00001641  DAC0_IRQHandler               
00001641  DMA_IRQHandler                
20200000  DataBuffer                    
202001e0  DebugCnt                      
000010b5  Debug_Dump                    
00001585  Debug_Init                    
00001641  Default_Handler               
00001fec  EID1                          
00001ff4  EID2                          
00001641  GROUP0_IRQHandler             
00001641  GROUP1_IRQHandler             
00000e7d  GetState                      
00001415  Grader_Init                   
00001645  HardFault_Handler             
00001641  I2C0_IRQHandler               
00001641  I2C1_IRQHandler               
00000675  Lab4Grader                    
202001e4  LastIn                        
202001e8  LastOut                       
202001ec  LastState                     
00000d1d  LaunchPad_Init                
202001f0  LookingFlag                   
202001f4  LookingFor                    
202001f8  M                             
00001641  NMI_Handler                   
202001fc  NeedState                     
0000161d  OutCRLF                       
00001d8c  PatternProblem                
00001fd4  Patterns                      
00001641  PendSV_Handler                
00001641  RTC_IRQHandler                
000014dd  Random32                      
00000d99  ReadSensor                    
00000fa5  ReadSouth                     
0000143d  ReadWalk                      
00001105  ReadWest                      
00001649  Reset_Handler                 
00001599  RxFifo_Init                   
00001151  RxFifo_Put                    
0000153d  RxFifo_Size                   
20200200  RxGetI                        
20200204  RxPutI                        
00001641  SPI0_IRQHandler               
00001641  SPI1_IRQHandler               
00001641  SVC_Handler                   
00001b5c  SensorProblem                 
00001c9c  SouthProblem                  
00001641  SysTick_Handler               
000014fd  SysTick_Init                  
000013ad  SysTick_Wait                  
00001465  SysTick_Wait10ms              
00001641  TIMA0_IRQHandler              
00001641  TIMA1_IRQHandler              
00001641  TIMG0_IRQHandler              
00001641  TIMG12_IRQHandler             
00001641  TIMG6_IRQHandler              
000000c1  TIMG7_IRQHandler              
00001641  TIMG8_IRQHandler              
000015e9  TI_memcpy_small               
20200438  Time                          
202000c8  TimeBuffer                    
00000f45  TimerG12_Init                 
00000bed  TimerG7_IntArm                
000018ec  TrafficSystem                 
000015ad  Traffic_In                    
00000ee1  Traffic_Init                  
0000151d  Traffic_Out                   
0000119d  TxFifo_Get                    
000015c1  TxFifo_Init                   
000011e9  TxFifo_Put                    
00001555  TxFifo_Size                   
20200208  TxGetI                        
2020020c  TxPutI                        
00001001  UART0_IRQHandler              
00001641  UART1_IRQHandler              
00001641  UART2_IRQHandler              
00001641  UART3_IRQHandler              
00000abd  UART_Init                     
00001281  UART_OutChar                  
000014b5  UART_OutString                
00001375  UART_OutUDec                  
00001f18  WestProblem                   
20200210  WrongState                    
20208000  __STACK_END                   
00000200  __STACK_SIZE                  
00000200  __SYSMEM_SIZE                 
00002020  __TI_CINIT_Base               
00002030  __TI_CINIT_Limit              
00002030  __TI_CINIT_Warm               
0000200c  __TI_Handler_Table_Base       
00002018  __TI_Handler_Table_Limit      
00001301  __TI_auto_init_nobinit_nopinit
00000e15  __TI_decompress_lzss          
000015fb  __TI_decompress_none          
ffffffff  __TI_pprof_out_hndl           
ffffffff  __TI_prof_data_size           
ffffffff  __TI_prof_data_start          
00000000  __TI_static_base__            
000015d5  __TI_zero_init_nomemset       
000013ab  __aeabi_idiv0                 
00001639  __aeabi_memcpy                
00001639  __aeabi_memcpy4               
00001639  __aeabi_memcpy8               
000012c1  __aeabi_uidiv                 
000012c1  __aeabi_uidivmod              
ffffffff  __binit__                     
UNDEFED   __mpu_init                    
20207e00  __stack                       
20200000  __start___llvm_prf_bits       
20200000  __start___llvm_prf_cnts       
20200000  __stop___llvm_prf_bits        
20200000  __stop___llvm_prf_cnts        
0000148d  _c_int00_noargs               
20200220  _sys_memory                   
UNDEFED   _system_post_cinit            
0000164d  _system_pre_init              
00001651  abort                         
ffffffff  binit                         
20200214  in                            
00000000  interruptVectors              
00000c95  main                          
20200218  out                           
00001e54  pat                           
000013e1  setUpper                      
2020021c  state                         
0000156d  strcmp                        
00001fb8  validPatterns                 


GLOBAL SYMBOLS: SORTED BY Symbol Address 

address   name                          
-------   ----                          
00000000  __TI_static_base__            
00000000  interruptVectors              
000000c1  TIMG7_IRQHandler              
00000200  __STACK_SIZE                  
00000200  __SYSMEM_SIZE                 
000003dd  CheckInitialization           
00000675  Lab4Grader                    
00000909  Clock_Init80MHz               
00000abd  UART_Init                     
00000bed  TimerG7_IntArm                
00000c95  main                          
00000d1d  LaunchPad_Init                
00000d99  ReadSensor                    
00000e15  __TI_decompress_lzss          
00000e7d  GetState                      
00000ee1  Traffic_Init                  
00000f45  TimerG12_Init                 
00000fa5  ReadSouth                     
00001001  UART0_IRQHandler              
000010b5  Debug_Dump                    
00001105  ReadWest                      
00001151  RxFifo_Put                    
0000119d  TxFifo_Get                    
000011e9  TxFifo_Put                    
00001281  UART_OutChar                  
000012c1  __aeabi_uidiv                 
000012c1  __aeabi_uidivmod              
00001301  __TI_auto_init_nobinit_nopinit
0000133d  ActivatePortA_B               
00001375  UART_OutUDec                  
000013ab  __aeabi_idiv0                 
000013ad  SysTick_Wait                  
000013e1  setUpper                      
00001415  Grader_Init                   
0000143d  ReadWalk                      
00001465  SysTick_Wait10ms              
0000148d  _c_int00_noargs               
000014b5  UART_OutString                
000014dd  Random32                      
000014fd  SysTick_Init                  
0000151d  Traffic_Out                   
0000153d  RxFifo_Size                   
00001555  TxFifo_Size                   
0000156d  strcmp                        
00001585  Debug_Init                    
00001599  RxFifo_Init                   
000015ad  Traffic_In                    
000015c1  TxFifo_Init                   
000015d5  __TI_zero_init_nomemset       
000015e9  TI_memcpy_small               
000015fb  __TI_decompress_none          
0000160d  Clock_Delay                   
0000161d  OutCRLF                       
0000162d  Clock_Freq                    
00001639  __aeabi_memcpy                
00001639  __aeabi_memcpy4               
00001639  __aeabi_memcpy8               
00001641  ADC0_IRQHandler               
00001641  ADC1_IRQHandler               
00001641  AES_IRQHandler                
00001641  CANFD0_IRQHandler             
00001641  DAC0_IRQHandler               
00001641  DMA_IRQHandler                
00001641  Default_Handler               
00001641  GROUP0_IRQHandler             
00001641  GROUP1_IRQHandler             
00001641  I2C0_IRQHandler               
00001641  I2C1_IRQHandler               
00001641  NMI_Handler                   
00001641  PendSV_Handler                
00001641  RTC_IRQHandler                
00001641  SPI0_IRQHandler               
00001641  SPI1_IRQHandler               
00001641  SVC_Handler                   
00001641  SysTick_Handler               
00001641  TIMA0_IRQHandler              
00001641  TIMA1_IRQHandler              
00001641  TIMG0_IRQHandler              
00001641  TIMG12_IRQHandler             
00001641  TIMG6_IRQHandler              
00001641  TIMG8_IRQHandler              
00001641  UART1_IRQHandler              
00001641  UART2_IRQHandler              
00001641  UART3_IRQHandler              
00001645  HardFault_Handler             
00001649  Reset_Handler                 
0000164d  _system_pre_init              
00001650  C$$EXIT                       
00001651  abort                         
000018ec  TrafficSystem                 
00001b5c  SensorProblem                 
00001c9c  SouthProblem                  
00001d8c  PatternProblem                
00001e54  pat                           
00001f18  WestProblem                   
00001fb8  validPatterns                 
00001fd4  Patterns                      
00001fec  EID1                          
00001ff4  EID2                          
0000200c  __TI_Handler_Table_Base       
00002018  __TI_Handler_Table_Limit      
00002020  __TI_CINIT_Base               
00002030  __TI_CINIT_Limit              
00002030  __TI_CINIT_Warm               
20200000  DataBuffer                    
20200000  __start___llvm_prf_bits       
20200000  __start___llvm_prf_cnts       
20200000  __stop___llvm_prf_bits        
20200000  __stop___llvm_prf_cnts        
202000c8  TimeBuffer                    
202001e0  DebugCnt                      
202001e4  LastIn                        
202001e8  LastOut                       
202001ec  LastState                     
202001f0  LookingFlag                   
202001f4  LookingFor                    
202001f8  M                             
202001fc  NeedState                     
20200200  RxGetI                        
20200204  RxPutI                        
20200208  TxGetI                        
2020020c  TxPutI                        
20200210  WrongState                    
20200214  in                            
20200218  out                           
2020021c  state                         
20200220  _sys_memory                   
20200420  BusFreq                       
20200438  Time                          
20207e00  __stack                       
20208000  __STACK_END                   
ffffffff  __TI_pprof_out_hndl           
ffffffff  __TI_prof_data_size           
ffffffff  __TI_prof_data_start          
ffffffff  __binit__                     
ffffffff  binit                         
UNDEFED   __mpu_init                    
UNDEFED   _system_post_cinit            

[138 symbols]
