******************************************************************************
            TI ARM Clang Linker Unix v2.1.3                    
******************************************************************************
>> Linked Tue Jan 16 10:12:21 2024

OUTPUT FILE NAME:   <ECE319K_Lab4.out>
ENTRY POINT SYMBOL: "_c_int00_noargs"  address: 0000126d


MEMORY CONFIGURATION

         name            origin    length      used     unused   attr    fill
----------------------  --------  ---------  --------  --------  ----  --------
  FLASH                 00000000   00020000  00001b50  0001e4b0  R  X
  SRAM                  20200000   00008000  000004ac  00007b54  RW X
  BCR_CONFIG            41c00000   00000080  00000000  00000080  R   
  BSL_CONFIG            41c00100   00000080  00000000  00000080  R   


SEGMENT ALLOCATION MAP

run origin  load origin   length   init length attrs members
----------  ----------- ---------- ----------- ----- -------
00000000    00000000    00001b50   00001b50    r-x
  00000000    00000000    000000c0   000000c0    r-- .intvecs
  000000c0    000000c0    00001328   00001328    r-x .text
  000013e8    000013e8    00000738   00000738    r-- .rodata
  00001b20    00001b20    00000030   00000030    r-- .cinit
20200000    20200000    000002ac   00000000    rw-
  20200000    20200000    00000200   00000000    rw- .sysmem
  20200200    20200200    0000008c   00000000    rw- .bss
  2020028c    2020028c    00000020   00000000    rw- .data
20207e00    20207e00    00000200   00000000    rw-
  20207e00    20207e00    00000200   00000000    rw- .stack


SECTION ALLOCATION MAP

 output                                  attributes/
section   page    origin      length       input sections
--------  ----  ----------  ----------   ----------------
.intvecs   0    00000000    000000c0     
                  00000000    000000c0     startup_mspm0g3507_ticlang.o (.intvecs)

.text      0    000000c0    00001328     
                  000000c0    0000031c     ECE319K_Lab4Grader.o (.text.TIMG7_IRQHandler)
                  000003dc    00000298     ECE319K_Lab4Grader.o (.text.CheckInitialization)
                  00000674    00000294     ECE319K_Lab4Grader.o (.text.Lab4Grader)
                  00000908    000001b4     Clock.o (.text.Clock_Init80MHz)
                  00000abc    00000130     UARTints.o (.text.UART_Init)
                  00000bec    000000a8     Timer.o (.text.TimerG7_IntArm)
                  00000c94    0000007c     LaunchPad.o (.text.LaunchPad_Init)
                  00000d10    0000007c     ECE319K_Lab4Grader.o (.text.ReadSensor)
                  00000d8c    00000068     libc.a : copy_decompress_lzss.c.obj (.text:decompress:lzss)
                  00000df4    00000064     ECE319K_Lab4Grader.o (.text.GetState)
                  00000e58    0000005c     ECE319K_Lab4Grader.o (.text.ReadSouth)
                  00000eb4    0000005c     UARTints.o (.text.UART0_IRQHandler)
                  00000f10    00000058     UARTints.o (.text.copyHardwareToSoftware)
                  00000f68    0000004c     ECE319K_Lab4Grader.o (.text.ReadWest)
                  00000fb4    0000004c     FIFO.o (.text.RxFifo_Put)
                  00001000    0000004c     FIFO.o (.text.TxFifo_Get)
                  0000104c    0000004c     FIFO.o (.text.TxFifo_Put)
                  00001098    0000004c     UARTints.o (.text.copySoftwareToHardware)
                  000010e4    00000040     UARTints.o (.text.UART_OutChar)
                  00001124    00000040     libclang_rt.builtins.a : aeabi_uidivmod.S.obj (.text)
                  00001164    0000003c     libc.a : autoinit.c.obj (.text:__TI_auto_init_nobinit_nopinit)
                  000011a0    00000038     LaunchPad.o (.text.ActivatePortA_B)
                  000011d8    00000036     UART.o (.text.UART_OutUDec)
                  0000120e    00000034     ECE319K_Lab4Grader.o (.text.setUpper)
                  00001242    00000002     libclang_rt.builtins.a : aeabi_div0.c.obj (.text.__aeabi_idiv0)
                  00001244    00000028     ECE319K_Lab4Grader.o (.text.ReadWalk)
                  0000126c    00000028     libc.a : boot_cortex_m.c.obj (.text:_c_int00_noargs)
                  00001294    00000026     UART.o (.text.UART_OutString)
                  000012ba    00000002     --HOLE-- [fill = 0]
                  000012bc    00000020     ECE319K_Lab4Grader.o (.text.Random32)
                  000012dc    0000001c     ECE319K_Lab4main.o (.text.main)
                  000012f8    00000018     FIFO.o (.text.RxFifo_Size)
                  00001310    00000018     FIFO.o (.text.TxFifo_Size)
                  00001328    00000016     libc.a : strcmp.c.obj (.text.strcmp)
                  0000133e    00000002     --HOLE-- [fill = 0]
                  00001340    00000014     FIFO.o (.text.RxFifo_Init)
                  00001354    00000014     FIFO.o (.text.TxFifo_Init)
                  00001368    00000014     libc.a : copy_zero_init.c.obj (.text:decompress:ZI:__TI_zero_init_nomemset)
                  0000137c    00000012            : memcpy16.S.obj (.text:TI_memcpy_small)
                  0000138e    00000012            : copy_decompress_none.c.obj (.text:decompress:none)
                  000013a0    00000010     Clock.o (.text.Clock_Delay)
                  000013b0    00000010     ECE319K_Lab4Grader.o (.text.OutCRLF)
                  000013c0    0000000c     Clock.o (.text.Clock_Freq)
                  000013cc    00000008     libclang_rt.builtins.a : aeabi_memcpy.S.obj (.text)
                  000013d4    00000004     startup_mspm0g3507_ticlang.o (.text.Default_Handler)
                  000013d8    00000004     startup_mspm0g3507_ticlang.o (.text.HardFault_Handler)
                  000013dc    00000004     startup_mspm0g3507_ticlang.o (.text.Reset_Handler)
                  000013e0    00000004     libc.a : pre_init.c.obj (.text._system_pre_init)
                  000013e4    00000004            : exit.c.obj (.text:abort)

.cinit     0    00001b20    00000030     
                  00001b20    0000000c     (.cinit..data.load) [load image, compression = lzss]
                  00001b2c    0000000c     (__TI_handler_table)
                  00001b38    00000008     (.cinit..bss.load) [load image, compression = zero_init]
                  00001b40    00000010     (__TI_cinit_table)

.rodata    0    000013e8    00000738     
                  000013e8    00000291     ECE319K_Lab4Grader.o (.rodata.str1.1)
                  00001679    00000140     ECE319K_Lab4Grader.o (.rodata.SensorProblem)
                  000017b9    000000f0     ECE319K_Lab4Grader.o (.rodata.SouthProblem)
                  000018a9    000000c8     ECE319K_Lab4Grader.o (.rodata.PatternProblem)
                  00001971    00000003     --HOLE-- [fill = 0]
                  00001974    000000c4     ECE319K_Lab4Grader.o (.rodata.pat)
                  00001a38    000000a0     ECE319K_Lab4Grader.o (.rodata.WestProblem)
                  00001ad8    0000001c     ECE319K_Lab4Grader.o (.rodata.validPatterns)
                  00001af4    00000018     ECE319K_Lab4Grader.o (.rodata.Patterns)
                  00001b0c    00000007     ECE319K_Lab4main.o (.rodata.EID1)
                  00001b13    00000007     ECE319K_Lab4main.o (.rodata.EID2)
                  00001b1a    00000006     --HOLE-- [fill = 0]

.init_array 
*          0    00000000    00000000     UNINITIALIZED

.binit     0    00000000    00000000     

.sysmem    0    20200000    00000200     UNINITIALIZED
                  20200000    00000010     libc.a : memory.c.obj (.sysmem)
                  20200010    000001f0     --HOLE--

.bss       0    20200200    0000008c     UNINITIALIZED
                  20200200    00000040     FIFO.o (.bss.TxFifo)
                  20200240    00000010     FIFO.o (.bss.RxFifo)
                  20200250    00000004     (.common:LastIn)
                  20200254    00000004     (.common:LastOut)
                  20200258    00000004     (.common:LastState)
                  2020025c    00000004     (.common:LookingFlag)
                  20200260    00000004     (.common:LookingFor)
                  20200264    00000004     (.common:M)
                  20200268    00000004     (.common:NeedState)
                  2020026c    00000004     (.common:RxGetI)
                  20200270    00000004     (.common:RxPutI)
                  20200274    00000004     (.common:TxGetI)
                  20200278    00000004     (.common:TxPutI)
                  2020027c    00000004     (.common:WrongState)
                  20200280    00000004     (.common:in)
                  20200284    00000004     (.common:out)
                  20200288    00000004     (.common:state)

.data      0    2020028c    00000020     UNINITIALIZED
                  2020028c    00000004     Clock.o (.data.BusFreq)
                  20200290    00000004     ECE319K_Lab4Grader.o (.data.Fail)
                  20200294    00000004     ECE319K_Lab4Grader.o (.data.PatternMode)
                  20200298    00000004     ECE319K_Lab4Grader.o (.data.Score)
                  2020029c    00000004     ECE319K_Lab4Grader.o (.data.SensorMode)
                  202002a0    00000004     ECE319K_Lab4Grader.o (.data.SouthMode)
                  202002a4    00000004     ECE319K_Lab4Grader.o (.data.Time)
                  202002a8    00000004     ECE319K_Lab4Grader.o (.data.WestMode)

.stack     0    20207e00    00000200     UNINITIALIZED
                  20207e00    00000004     libc.a : boot_cortex_m.c.obj (.stack)
                  20207e04    000001fc     --HOLE--

__llvm_prf_cnts 
*          0    20200000    00000000     UNINITIALIZED

__llvm_prf_bits 
*          0    20200000    00000000     UNINITIALIZED

MODULE SUMMARY

       Module                         code   ro data   rw data
       ------                         ----   -------   -------
    ./
       ECE319K_Lab4Grader.o           2652   1825      72     
       UARTints.o                     624    0         0      
       Clock.o                        464    0         4      
       FIFO.o                         316    0         96     
       LaunchPad.o                    180    0         0      
       Timer.o                        168    0         0      
       UART.o                         92     0         0      
       ECE319K_Lab4main.o             28     14        0      
    +--+------------------------------+------+---------+---------+
       Total:                         4524   1839      172    
                                                              
    ./ticlang/
       startup_mspm0g3507_ticlang.o   12     192       0      
    +--+------------------------------+------+---------+---------+
       Total:                         12     192       0      
                                                              
    /Applications/ti/ccs1240/ccs/tools/compiler/ti-cgt-armllvm_2.1.3.LTS/lib/armv6m-ti-none-eabi/c/libc.a
       copy_decompress_lzss.c.obj     104    0         0      
       autoinit.c.obj                 60     0         0      
       boot_cortex_m.c.obj            40     0         0      
       strcmp.c.obj                   22     0         0      
       copy_zero_init.c.obj           20     0         0      
       copy_decompress_none.c.obj     18     0         0      
       memcpy16.S.obj                 18     0         0      
       exit.c.obj                     4      0         0      
       pre_init.c.obj                 4      0         0      
    +--+------------------------------+------+---------+---------+
       Total:                         290    0         0      
                                                              
    /Applications/ti/ccs1240/ccs/tools/compiler/ti-cgt-armllvm_2.1.3.LTS/lib/clang/14.0.6/lib/armv6m-ti-none-eabi/libclang_rt.builtins.a
       aeabi_uidivmod.S.obj           64     0         0      
       aeabi_memcpy.S.obj             8      0         0      
       aeabi_div0.c.obj               2      0         0      
    +--+------------------------------+------+---------+---------+
       Total:                         74     0         0      
                                                              
       Heap:                          0      0         512    
       Stack:                         0      0         512    
       Linker Generated:              0      48        0      
    +--+------------------------------+------+---------+---------+
       Grand Total:                   4900   2079      1196   


LINKER GENERATED COPY TABLES

__TI_cinit_table @ 00001b40 records: 2, size/record: 8, table size: 16
	.data: load addr=00001b20, load size=0000000c bytes, run addr=2020028c, run size=00000020 bytes, compression=lzss
	.bss: load addr=00001b38, load size=00000008 bytes, run addr=20200200, run size=0000008c bytes, compression=zero_init


LINKER GENERATED HANDLER TABLE

__TI_handler_table @ 00001b2c records: 3, size/record: 4, table size: 12
	index: 0, handler: __TI_decompress_lzss
	index: 1, handler: __TI_decompress_none
	index: 2, handler: __TI_zero_init


GLOBAL SYMBOLS: SORTED ALPHABETICALLY BY Name 

address   name                          
-------   ----                          
000013d5  ADC0_IRQHandler               
000013d5  ADC1_IRQHandler               
000013d5  AES_IRQHandler                
000011a1  ActivatePortA_B               
2020028c  BusFreq                       
000013e4  C$$EXIT                       
000013d5  CANFD0_IRQHandler             
000003dd  CheckInitialization           
000013a1  Clock_Delay                   
000013c1  Clock_Freq                    
00000909  Clock_Init80MHz               
000013d5  DAC0_IRQHandler               
000013d5  DMA_IRQHandler                
000013d5  Default_Handler               
00001b0c  EID1                          
00001b13  EID2                          
000013d5  GROUP0_IRQHandler             
000013d5  GROUP1_IRQHandler             
00000df5  GetState                      
000013d9  HardFault_Handler             
000013d5  I2C0_IRQHandler               
000013d5  I2C1_IRQHandler               
00000675  Lab4Grader                    
20200250  LastIn                        
20200254  LastOut                       
20200258  LastState                     
00000c95  LaunchPad_Init                
2020025c  LookingFlag                   
20200260  LookingFor                    
20200264  M                             
000013d5  NMI_Handler                   
20200268  NeedState                     
000013b1  OutCRLF                       
000018a9  PatternProblem                
00001af4  Patterns                      
000013d5  PendSV_Handler                
000013d5  RTC_IRQHandler                
000012bd  Random32                      
00000d11  ReadSensor                    
00000e59  ReadSouth                     
00001245  ReadWalk                      
00000f69  ReadWest                      
000013dd  Reset_Handler                 
00001341  RxFifo_Init                   
00000fb5  RxFifo_Put                    
000012f9  RxFifo_Size                   
2020026c  RxGetI                        
20200270  RxPutI                        
000013d5  SPI0_IRQHandler               
000013d5  SPI1_IRQHandler               
000013d5  SVC_Handler                   
00001679  SensorProblem                 
000017b9  SouthProblem                  
000013d5  SysTick_Handler               
000013d5  TIMA0_IRQHandler              
000013d5  TIMA1_IRQHandler              
000013d5  TIMG0_IRQHandler              
000013d5  TIMG12_IRQHandler             
000013d5  TIMG6_IRQHandler              
000000c1  TIMG7_IRQHandler              
000013d5  TIMG8_IRQHandler              
0000137d  TI_memcpy_small               
202002a4  Time                          
00000bed  TimerG7_IntArm                
00001001  TxFifo_Get                    
00001355  TxFifo_Init                   
0000104d  TxFifo_Put                    
00001311  TxFifo_Size                   
20200274  TxGetI                        
20200278  TxPutI                        
00000eb5  UART0_IRQHandler              
000013d5  UART1_IRQHandler              
000013d5  UART2_IRQHandler              
000013d5  UART3_IRQHandler              
00000abd  UART_Init                     
000010e5  UART_OutChar                  
00001295  UART_OutString                
000011d9  UART_OutUDec                  
00001a38  WestProblem                   
2020027c  WrongState                    
20208000  __STACK_END                   
00000200  __STACK_SIZE                  
00000200  __SYSMEM_SIZE                 
00001b40  __TI_CINIT_Base               
00001b50  __TI_CINIT_Limit              
00001b50  __TI_CINIT_Warm               
00001b2c  __TI_Handler_Table_Base       
00001b38  __TI_Handler_Table_Limit      
00001165  __TI_auto_init_nobinit_nopinit
00000d8d  __TI_decompress_lzss          
0000138f  __TI_decompress_none          
ffffffff  __TI_pprof_out_hndl           
ffffffff  __TI_prof_data_size           
ffffffff  __TI_prof_data_start          
00000000  __TI_static_base__            
00001369  __TI_zero_init_nomemset       
00001243  __aeabi_idiv0                 
000013cd  __aeabi_memcpy                
000013cd  __aeabi_memcpy4               
000013cd  __aeabi_memcpy8               
00001125  __aeabi_uidiv                 
00001125  __aeabi_uidivmod              
ffffffff  __binit__                     
UNDEFED   __mpu_init                    
20207e00  __stack                       
20200000  __start___llvm_prf_bits       
20200000  __start___llvm_prf_cnts       
20200000  __stop___llvm_prf_bits        
20200000  __stop___llvm_prf_cnts        
0000126d  _c_int00_noargs               
20200000  _sys_memory                   
UNDEFED   _system_post_cinit            
000013e1  _system_pre_init              
000013e5  abort                         
ffffffff  binit                         
20200280  in                            
00000000  interruptVectors              
000012dd  main                          
20200284  out                           
00001974  pat                           
0000120f  setUpper                      
20200288  state                         
00001329  strcmp                        
00001ad8  validPatterns                 


GLOBAL SYMBOLS: SORTED BY Symbol Address 

address   name                          
-------   ----                          
00000000  __TI_static_base__            
00000000  interruptVectors              
000000c1  TIMG7_IRQHandler              
00000200  __STACK_SIZE                  
00000200  __SYSMEM_SIZE                 
000003dd  CheckInitialization           
00000675  Lab4Grader                    
00000909  Clock_Init80MHz               
00000abd  UART_Init                     
00000bed  TimerG7_IntArm                
00000c95  LaunchPad_Init                
00000d11  ReadSensor                    
00000d8d  __TI_decompress_lzss          
00000df5  GetState                      
00000e59  ReadSouth                     
00000eb5  UART0_IRQHandler              
00000f69  ReadWest                      
00000fb5  RxFifo_Put                    
00001001  TxFifo_Get                    
0000104d  TxFifo_Put                    
000010e5  UART_OutChar                  
00001125  __aeabi_uidiv                 
00001125  __aeabi_uidivmod              
00001165  __TI_auto_init_nobinit_nopinit
000011a1  ActivatePortA_B               
000011d9  UART_OutUDec                  
0000120f  setUpper                      
00001243  __aeabi_idiv0                 
00001245  ReadWalk                      
0000126d  _c_int00_noargs               
00001295  UART_OutString                
000012bd  Random32                      
000012dd  main                          
000012f9  RxFifo_Size                   
00001311  TxFifo_Size                   
00001329  strcmp                        
00001341  RxFifo_Init                   
00001355  TxFifo_Init                   
00001369  __TI_zero_init_nomemset       
0000137d  TI_memcpy_small               
0000138f  __TI_decompress_none          
000013a1  Clock_Delay                   
000013b1  OutCRLF                       
000013c1  Clock_Freq                    
000013cd  __aeabi_memcpy                
000013cd  __aeabi_memcpy4               
000013cd  __aeabi_memcpy8               
000013d5  ADC0_IRQHandler               
000013d5  ADC1_IRQHandler               
000013d5  AES_IRQHandler                
000013d5  CANFD0_IRQHandler             
000013d5  DAC0_IRQHandler               
000013d5  DMA_IRQHandler                
000013d5  Default_Handler               
000013d5  GROUP0_IRQHandler             
000013d5  GROUP1_IRQHandler             
000013d5  I2C0_IRQHandler               
000013d5  I2C1_IRQHandler               
000013d5  NMI_Handler                   
000013d5  PendSV_Handler                
000013d5  RTC_IRQHandler                
000013d5  SPI0_IRQHandler               
000013d5  SPI1_IRQHandler               
000013d5  SVC_Handler                   
000013d5  SysTick_Handler               
000013d5  TIMA0_IRQHandler              
000013d5  TIMA1_IRQHandler              
000013d5  TIMG0_IRQHandler              
000013d5  TIMG12_IRQHandler             
000013d5  TIMG6_IRQHandler              
000013d5  TIMG8_IRQHandler              
000013d5  UART1_IRQHandler              
000013d5  UART2_IRQHandler              
000013d5  UART3_IRQHandler              
000013d9  HardFault_Handler             
000013dd  Reset_Handler                 
000013e1  _system_pre_init              
000013e4  C$$EXIT                       
000013e5  abort                         
00001679  SensorProblem                 
000017b9  SouthProblem                  
000018a9  PatternProblem                
00001974  pat                           
00001a38  WestProblem                   
00001ad8  validPatterns                 
00001af4  Patterns                      
00001b0c  EID1                          
00001b13  EID2                          
00001b2c  __TI_Handler_Table_Base       
00001b38  __TI_Handler_Table_Limit      
00001b40  __TI_CINIT_Base               
00001b50  __TI_CINIT_Limit              
00001b50  __TI_CINIT_Warm               
20200000  __start___llvm_prf_bits       
20200000  __start___llvm_prf_cnts       
20200000  __stop___llvm_prf_bits        
20200000  __stop___llvm_prf_cnts        
20200000  _sys_memory                   
20200250  LastIn                        
20200254  LastOut                       
20200258  LastState                     
2020025c  LookingFlag                   
20200260  LookingFor                    
20200264  M                             
20200268  NeedState                     
2020026c  RxGetI                        
20200270  RxPutI                        
20200274  TxGetI                        
20200278  TxPutI                        
2020027c  WrongState                    
20200280  in                            
20200284  out                           
20200288  state                         
2020028c  BusFreq                       
202002a4  Time                          
20207e00  __stack                       
20208000  __STACK_END                   
ffffffff  __TI_pprof_out_hndl           
ffffffff  __TI_prof_data_size           
ffffffff  __TI_prof_data_start          
ffffffff  __binit__                     
ffffffff  binit                         
UNDEFED   __mpu_init                    
UNDEFED   _system_post_cinit            

[124 symbols]
