<?xml version="1.0" encoding="ISO-8859-1" ?>
<link_info>
   <banner>TI ARM Clang Linker Unix v2.1.3.LTS</banner>
   <copyright>Copyright (c) 1996-2018 Texas Instruments Incorporated</copyright>
   <link_time>0x66d95011</link_time>
   <link_errors>0x0</link_errors>
   <output_file>ECE319K_Lab4.out</output_file>
   <entry_point>
      <name>_c_int00_noargs</name>
      <address>0x148d</address>
   </entry_point>
   <input_file_list>
      <input_file id="fl-1">
         <path>./</path>
         <kind>object</kind>
         <file>Clock.o</file>
         <name>Clock.o</name>
      </input_file>
      <input_file id="fl-2">
         <path>./</path>
         <kind>object</kind>
         <file>Dump.o</file>
         <name>Dump.o</name>
      </input_file>
      <input_file id="fl-3">
         <path>./</path>
         <kind>object</kind>
         <file>ECE319K_Lab4Grader.o</file>
         <name>ECE319K_Lab4Grader.o</name>
      </input_file>
      <input_file id="fl-4">
         <path>./</path>
         <kind>object</kind>
         <file>ECE319K_Lab4main.o</file>
         <name>ECE319K_Lab4main.o</name>
      </input_file>
      <input_file id="fl-5">
         <path>./</path>
         <kind>object</kind>
         <file>FIFO.o</file>
         <name>FIFO.o</name>
      </input_file>
      <input_file id="fl-6">
         <path>./</path>
         <kind>object</kind>
         <file>LaunchPad.o</file>
         <name>LaunchPad.o</name>
      </input_file>
      <input_file id="fl-7">
         <path>./</path>
         <kind>object</kind>
         <file>Timer.o</file>
         <name>Timer.o</name>
      </input_file>
      <input_file id="fl-8">
         <path>./</path>
         <kind>object</kind>
         <file>UART.o</file>
         <name>UART.o</name>
      </input_file>
      <input_file id="fl-9">
         <path>./</path>
         <kind>object</kind>
         <file>UARTints.o</file>
         <name>UARTints.o</name>
      </input_file>
      <input_file id="fl-a">
         <path>./ticlang/</path>
         <kind>object</kind>
         <file>startup_mspm0g3507_ticlang.o</file>
         <name>startup_mspm0g3507_ticlang.o</name>
      </input_file>
      <input_file id="fl-16">
         <kind>object</kind>
         <file>&lt;internal&gt;</file>
         <name>&lt;internal&gt;</name>
      </input_file>
      <input_file id="fl-22">
         <path>/Applications/ti/ccs1240/ccs/tools/compiler/ti-cgt-armllvm_2.1.3.LTS/lib/armv6m-ti-none-eabi/c/</path>
         <kind>archive</kind>
         <file>libc.a</file>
         <name>fopen.c.obj</name>
      </input_file>
      <input_file id="fl-23">
         <path>/Applications/ti/ccs1240/ccs/tools/compiler/ti-cgt-armllvm_2.1.3.LTS/lib/armv6m-ti-none-eabi/c/</path>
         <kind>archive</kind>
         <file>libc.a</file>
         <name>setvbuf.c.obj</name>
      </input_file>
      <input_file id="fl-24">
         <path>/Applications/ti/ccs1240/ccs/tools/compiler/ti-cgt-armllvm_2.1.3.LTS/lib/armv6m-ti-none-eabi/c/</path>
         <kind>archive</kind>
         <file>libc.a</file>
         <name>exit.c.obj</name>
      </input_file>
      <input_file id="fl-25">
         <path>/Applications/ti/ccs1240/ccs/tools/compiler/ti-cgt-armllvm_2.1.3.LTS/lib/armv6m-ti-none-eabi/c/</path>
         <kind>archive</kind>
         <file>libc.a</file>
         <name>_lock.c.obj</name>
      </input_file>
      <input_file id="fl-26">
         <path>/Applications/ti/ccs1240/ccs/tools/compiler/ti-cgt-armllvm_2.1.3.LTS/lib/armv6m-ti-none-eabi/c/</path>
         <kind>archive</kind>
         <file>libc.a</file>
         <name>defs.c.obj</name>
      </input_file>
      <input_file id="fl-27">
         <path>/Applications/ti/ccs1240/ccs/tools/compiler/ti-cgt-armllvm_2.1.3.LTS/lib/armv6m-ti-none-eabi/c/</path>
         <kind>archive</kind>
         <file>libc.a</file>
         <name>memory.c.obj</name>
      </input_file>
      <input_file id="fl-28">
         <path>/Applications/ti/ccs1240/ccs/tools/compiler/ti-cgt-armllvm_2.1.3.LTS/lib/armv6m-ti-none-eabi/c/</path>
         <kind>archive</kind>
         <file>libc.a</file>
         <name>strcmp.c.obj</name>
      </input_file>
      <input_file id="fl-29">
         <path>/Applications/ti/ccs1240/ccs/tools/compiler/ti-cgt-armllvm_2.1.3.LTS/lib/armv6m-ti-none-eabi/c/</path>
         <kind>archive</kind>
         <file>libc.a</file>
         <name>boot_cortex_m.c.obj</name>
      </input_file>
      <input_file id="fl-2a">
         <path>/Applications/ti/ccs1240/ccs/tools/compiler/ti-cgt-armllvm_2.1.3.LTS/lib/armv6m-ti-none-eabi/c/</path>
         <kind>archive</kind>
         <file>libc.a</file>
         <name>mathacl_init.c.obj</name>
      </input_file>
      <input_file id="fl-2b">
         <path>/Applications/ti/ccs1240/ccs/tools/compiler/ti-cgt-armllvm_2.1.3.LTS/lib/armv6m-ti-none-eabi/c/</path>
         <kind>archive</kind>
         <file>libc.a</file>
         <name>autoinit.c.obj</name>
      </input_file>
      <input_file id="fl-2c">
         <path>/Applications/ti/ccs1240/ccs/tools/compiler/ti-cgt-armllvm_2.1.3.LTS/lib/armv6m-ti-none-eabi/c/</path>
         <kind>archive</kind>
         <file>libc.a</file>
         <name>pre_init.c.obj</name>
      </input_file>
      <input_file id="fl-2d">
         <path>/Applications/ti/ccs1240/ccs/tools/compiler/ti-cgt-armllvm_2.1.3.LTS/lib/armv6m-ti-none-eabi/c/</path>
         <kind>archive</kind>
         <file>libc.a</file>
         <name>cpy_tbl.c.obj</name>
      </input_file>
      <input_file id="fl-2e">
         <path>/Applications/ti/ccs1240/ccs/tools/compiler/ti-cgt-armllvm_2.1.3.LTS/lib/armv6m-ti-none-eabi/c/</path>
         <kind>archive</kind>
         <file>libc.a</file>
         <name>copy_zero_init.c.obj</name>
      </input_file>
      <input_file id="fl-2f">
         <path>/Applications/ti/ccs1240/ccs/tools/compiler/ti-cgt-armllvm_2.1.3.LTS/lib/armv6m-ti-none-eabi/c/</path>
         <kind>archive</kind>
         <file>libc.a</file>
         <name>copy_decompress_none.c.obj</name>
      </input_file>
      <input_file id="fl-30">
         <path>/Applications/ti/ccs1240/ccs/tools/compiler/ti-cgt-armllvm_2.1.3.LTS/lib/armv6m-ti-none-eabi/c/</path>
         <kind>archive</kind>
         <file>libc.a</file>
         <name>copy_decompress_lzss.c.obj</name>
      </input_file>
      <input_file id="fl-31">
         <path>/Applications/ti/ccs1240/ccs/tools/compiler/ti-cgt-armllvm_2.1.3.LTS/lib/armv6m-ti-none-eabi/c/</path>
         <kind>archive</kind>
         <file>libc.a</file>
         <name>fclose.c.obj</name>
      </input_file>
      <input_file id="fl-32">
         <path>/Applications/ti/ccs1240/ccs/tools/compiler/ti-cgt-armllvm_2.1.3.LTS/lib/armv6m-ti-none-eabi/c/</path>
         <kind>archive</kind>
         <file>libc.a</file>
         <name>fflush.c.obj</name>
      </input_file>
      <input_file id="fl-33">
         <path>/Applications/ti/ccs1240/ccs/tools/compiler/ti-cgt-armllvm_2.1.3.LTS/lib/armv6m-ti-none-eabi/c/</path>
         <kind>archive</kind>
         <file>libc.a</file>
         <name>args_main.c.obj</name>
      </input_file>
      <input_file id="fl-6c">
         <path>/Applications/ti/ccs1240/ccs/tools/compiler/ti-cgt-armllvm_2.1.3.LTS/lib/armv6m-ti-none-eabi/c/</path>
         <kind>archive</kind>
         <file>libsysbm.a</file>
         <name>write.c.obj</name>
      </input_file>
      <input_file id="fl-6d">
         <path>/Applications/ti/ccs1240/ccs/tools/compiler/ti-cgt-armllvm_2.1.3.LTS/lib/armv6m-ti-none-eabi/c/</path>
         <kind>archive</kind>
         <file>libsysbm.a</file>
         <name>host_device.c.obj</name>
      </input_file>
      <input_file id="fl-6e">
         <path>/Applications/ti/ccs1240/ccs/tools/compiler/ti-cgt-armllvm_2.1.3.LTS/lib/armv6m-ti-none-eabi/c/</path>
         <kind>archive</kind>
         <file>libsysbm.a</file>
         <name>remove.c.obj</name>
      </input_file>
      <input_file id="fl-6f">
         <path>/Applications/ti/ccs1240/ccs/tools/compiler/ti-cgt-armllvm_2.1.3.LTS/lib/armv6m-ti-none-eabi/c/</path>
         <kind>archive</kind>
         <file>libsysbm.a</file>
         <name>open.c.obj</name>
      </input_file>
      <input_file id="fl-70">
         <path>/Applications/ti/ccs1240/ccs/tools/compiler/ti-cgt-armllvm_2.1.3.LTS/lib/armv6m-ti-none-eabi/c/</path>
         <kind>archive</kind>
         <file>libsysbm.a</file>
         <name>close.c.obj</name>
      </input_file>
      <input_file id="fl-71">
         <path>/Applications/ti/ccs1240/ccs/tools/compiler/ti-cgt-armllvm_2.1.3.LTS/lib/armv6m-ti-none-eabi/c/</path>
         <kind>archive</kind>
         <file>libsysbm.a</file>
         <name>add_device.c.obj</name>
      </input_file>
      <input_file id="fl-72">
         <path>/Applications/ti/ccs1240/ccs/tools/compiler/ti-cgt-armllvm_2.1.3.LTS/lib/armv6m-ti-none-eabi/c/</path>
         <kind>archive</kind>
         <file>libsysbm.a</file>
         <name>unlink.c.obj</name>
      </input_file>
      <input_file id="fl-73">
         <path>/Applications/ti/ccs1240/ccs/tools/compiler/ti-cgt-armllvm_2.1.3.LTS/lib/armv6m-ti-none-eabi/c/</path>
         <kind>archive</kind>
         <file>libsysbm.a</file>
         <name>hostclose.c.obj</name>
      </input_file>
      <input_file id="fl-74">
         <path>/Applications/ti/ccs1240/ccs/tools/compiler/ti-cgt-armllvm_2.1.3.LTS/lib/armv6m-ti-none-eabi/c/</path>
         <kind>archive</kind>
         <file>libsysbm.a</file>
         <name>hostlseek.c.obj</name>
      </input_file>
      <input_file id="fl-75">
         <path>/Applications/ti/ccs1240/ccs/tools/compiler/ti-cgt-armllvm_2.1.3.LTS/lib/armv6m-ti-none-eabi/c/</path>
         <kind>archive</kind>
         <file>libsysbm.a</file>
         <name>hostopen.c.obj</name>
      </input_file>
      <input_file id="fl-76">
         <path>/Applications/ti/ccs1240/ccs/tools/compiler/ti-cgt-armllvm_2.1.3.LTS/lib/armv6m-ti-none-eabi/c/</path>
         <kind>archive</kind>
         <file>libsysbm.a</file>
         <name>hostread.c.obj</name>
      </input_file>
      <input_file id="fl-77">
         <path>/Applications/ti/ccs1240/ccs/tools/compiler/ti-cgt-armllvm_2.1.3.LTS/lib/armv6m-ti-none-eabi/c/</path>
         <kind>archive</kind>
         <file>libsysbm.a</file>
         <name>hostrename.c.obj</name>
      </input_file>
      <input_file id="fl-78">
         <path>/Applications/ti/ccs1240/ccs/tools/compiler/ti-cgt-armllvm_2.1.3.LTS/lib/armv6m-ti-none-eabi/c/</path>
         <kind>archive</kind>
         <file>libsysbm.a</file>
         <name>hostunlink.c.obj</name>
      </input_file>
      <input_file id="fl-79">
         <path>/Applications/ti/ccs1240/ccs/tools/compiler/ti-cgt-armllvm_2.1.3.LTS/lib/armv6m-ti-none-eabi/c/</path>
         <kind>archive</kind>
         <file>libsysbm.a</file>
         <name>hostwrite.c.obj</name>
      </input_file>
      <input_file id="fl-7a">
         <path>/Applications/ti/ccs1240/ccs/tools/compiler/ti-cgt-armllvm_2.1.3.LTS/lib/armv6m-ti-none-eabi/c/</path>
         <kind>archive</kind>
         <file>libsysbm.a</file>
         <name>trgmsg.c.obj</name>
      </input_file>
      <input_file id="fl-7b">
         <path>/Applications/ti/ccs1240/ccs/tools/compiler/ti-cgt-armllvm_2.1.3.LTS/lib/clang/14.0.6/lib/armv6m-ti-none-eabi/</path>
         <kind>archive</kind>
         <file>libclang_rt.builtins.a</file>
         <name>aeabi_memcpy.S.obj</name>
      </input_file>
      <input_file id="fl-7c">
         <path>/Applications/ti/ccs1240/ccs/tools/compiler/ti-cgt-armllvm_2.1.3.LTS/lib/clang/14.0.6/lib/armv6m-ti-none-eabi/</path>
         <kind>archive</kind>
         <file>libclang_rt.builtins.a</file>
         <name>aeabi_memset.S.obj</name>
      </input_file>
      <input_file id="fl-7d">
         <path>/Applications/ti/ccs1240/ccs/tools/compiler/ti-cgt-armllvm_2.1.3.LTS/lib/clang/14.0.6/lib/armv6m-ti-none-eabi/</path>
         <kind>archive</kind>
         <file>libclang_rt.builtins.a</file>
         <name>aeabi_uidivmod.S.obj</name>
      </input_file>
      <input_file id="fl-7e">
         <path>/Applications/ti/ccs1240/ccs/tools/compiler/ti-cgt-armllvm_2.1.3.LTS/lib/clang/14.0.6/lib/armv6m-ti-none-eabi/</path>
         <kind>archive</kind>
         <file>libclang_rt.builtins.a</file>
         <name>aeabi_div0.c.obj</name>
      </input_file>
      <input_file id="fl-7f">
         <path>/Applications/ti/ccs1240/ccs/tools/compiler/ti-cgt-armllvm_2.1.3.LTS/lib/armv6m-ti-none-eabi/c/</path>
         <kind>archive</kind>
         <file>libc.a</file>
         <name>getdevice.c.obj</name>
      </input_file>
      <input_file id="fl-80">
         <path>/Applications/ti/ccs1240/ccs/tools/compiler/ti-cgt-armllvm_2.1.3.LTS/lib/armv6m-ti-none-eabi/c/</path>
         <kind>archive</kind>
         <file>libc.a</file>
         <name>memcpy16.S.obj</name>
      </input_file>
      <input_file id="fl-81">
         <path>/Applications/ti/ccs1240/ccs/tools/compiler/ti-cgt-armllvm_2.1.3.LTS/lib/armv6m-ti-none-eabi/c/</path>
         <kind>archive</kind>
         <file>libc.a</file>
         <name>memset16.S.obj</name>
      </input_file>
   </input_file_list>
   <object_component_list>
      <object_component id="oc-18">
         <name>.intvecs</name>
         <load_address>0x0</load_address>
         <run_address>0x0</run_address>
         <size>0xc0</size>
         <input_file_ref idref="fl-a"/>
      </object_component>
      <object_component id="oc-33">
         <name>.text.TIMG7_IRQHandler</name>
         <load_address>0xc0</load_address>
         <run_address>0xc0</run_address>
         <size>0x31c</size>
         <input_file_ref idref="fl-3"/>
      </object_component>
      <object_component id="oc-118">
         <name>.text.CheckInitialization</name>
         <load_address>0x3dc</load_address>
         <run_address>0x3dc</run_address>
         <size>0x298</size>
         <input_file_ref idref="fl-3"/>
      </object_component>
      <object_component id="oc-d0">
         <name>.text.Lab4Grader</name>
         <load_address>0x674</load_address>
         <run_address>0x674</run_address>
         <size>0x294</size>
         <input_file_ref idref="fl-3"/>
      </object_component>
      <object_component id="oc-be">
         <name>.text.Clock_Init80MHz</name>
         <load_address>0x908</load_address>
         <run_address>0x908</run_address>
         <size>0x1b4</size>
         <input_file_ref idref="fl-1"/>
      </object_component>
      <object_component id="oc-111">
         <name>.text.UART_Init</name>
         <load_address>0xabc</load_address>
         <run_address>0xabc</run_address>
         <size>0x130</size>
         <input_file_ref idref="fl-9"/>
      </object_component>
      <object_component id="oc-119">
         <name>.text.TimerG7_IntArm</name>
         <load_address>0xbec</load_address>
         <run_address>0xbec</run_address>
         <size>0xa8</size>
         <input_file_ref idref="fl-7"/>
      </object_component>
      <object_component id="oc-93">
         <name>.text.main</name>
         <load_address>0xc94</load_address>
         <run_address>0xc94</run_address>
         <size>0x88</size>
         <input_file_ref idref="fl-4"/>
      </object_component>
      <object_component id="oc-c3">
         <name>.text.LaunchPad_Init</name>
         <load_address>0xd1c</load_address>
         <run_address>0xd1c</run_address>
         <size>0x7c</size>
         <input_file_ref idref="fl-6"/>
      </object_component>
      <object_component id="oc-6f">
         <name>.text.ReadSensor</name>
         <load_address>0xd98</load_address>
         <run_address>0xd98</run_address>
         <size>0x7c</size>
         <input_file_ref idref="fl-3"/>
      </object_component>
      <object_component id="oc-1c">
         <name>.text:decompress:lzss</name>
         <load_address>0xe14</load_address>
         <run_address>0xe14</run_address>
         <size>0x68</size>
         <input_file_ref idref="fl-30"/>
      </object_component>
      <object_component id="oc-73">
         <name>.text.GetState</name>
         <load_address>0xe7c</load_address>
         <run_address>0xe7c</run_address>
         <size>0x64</size>
         <input_file_ref idref="fl-3"/>
      </object_component>
      <object_component id="oc-c9">
         <name>.text.Traffic_Init</name>
         <load_address>0xee0</load_address>
         <run_address>0xee0</run_address>
         <size>0x64</size>
         <input_file_ref idref="fl-4"/>
      </object_component>
      <object_component id="oc-109">
         <name>.text.TimerG12_Init</name>
         <load_address>0xf44</load_address>
         <run_address>0xf44</run_address>
         <size>0x60</size>
         <input_file_ref idref="fl-7"/>
      </object_component>
      <object_component id="oc-70">
         <name>.text.ReadSouth</name>
         <load_address>0xfa4</load_address>
         <run_address>0xfa4</run_address>
         <size>0x5c</size>
         <input_file_ref idref="fl-3"/>
      </object_component>
      <object_component id="oc-2e">
         <name>.text.UART0_IRQHandler</name>
         <load_address>0x1000</load_address>
         <run_address>0x1000</run_address>
         <size>0x5c</size>
         <input_file_ref idref="fl-9"/>
      </object_component>
      <object_component id="oc-5f">
         <name>.text.copyHardwareToSoftware</name>
         <load_address>0x105c</load_address>
         <run_address>0x105c</run_address>
         <size>0x58</size>
         <input_file_ref idref="fl-9"/>
      </object_component>
      <object_component id="oc-d2">
         <name>.text.Debug_Dump</name>
         <load_address>0x10b4</load_address>
         <run_address>0x10b4</run_address>
         <size>0x50</size>
         <input_file_ref idref="fl-2"/>
      </object_component>
      <object_component id="oc-71">
         <name>.text.ReadWest</name>
         <load_address>0x1104</load_address>
         <run_address>0x1104</run_address>
         <size>0x4c</size>
         <input_file_ref idref="fl-3"/>
      </object_component>
      <object_component id="oc-a3">
         <name>.text.RxFifo_Put</name>
         <load_address>0x1150</load_address>
         <run_address>0x1150</run_address>
         <size>0x4c</size>
         <input_file_ref idref="fl-5"/>
      </object_component>
      <object_component id="oc-a4">
         <name>.text.TxFifo_Get</name>
         <load_address>0x119c</load_address>
         <run_address>0x119c</run_address>
         <size>0x4c</size>
         <input_file_ref idref="fl-5"/>
      </object_component>
      <object_component id="oc-f5">
         <name>.text.TxFifo_Put</name>
         <load_address>0x11e8</load_address>
         <run_address>0x11e8</run_address>
         <size>0x4c</size>
         <input_file_ref idref="fl-5"/>
      </object_component>
      <object_component id="oc-60">
         <name>.text.copySoftwareToHardware</name>
         <load_address>0x1234</load_address>
         <run_address>0x1234</run_address>
         <size>0x4c</size>
         <input_file_ref idref="fl-9"/>
      </object_component>
      <object_component id="oc-a9">
         <name>.text.UART_OutChar</name>
         <load_address>0x1280</load_address>
         <run_address>0x1280</run_address>
         <size>0x40</size>
         <input_file_ref idref="fl-9"/>
      </object_component>
      <object_component id="oc-ac">
         <name>.text</name>
         <load_address>0x12c0</load_address>
         <run_address>0x12c0</run_address>
         <size>0x40</size>
         <input_file_ref idref="fl-7d"/>
      </object_component>
      <object_component id="oc-df">
         <name>.text:__TI_auto_init_nobinit_nopinit</name>
         <load_address>0x1300</load_address>
         <run_address>0x1300</run_address>
         <size>0x3c</size>
         <input_file_ref idref="fl-2b"/>
      </object_component>
      <object_component id="oc-106">
         <name>.text.ActivatePortA_B</name>
         <load_address>0x133c</load_address>
         <run_address>0x133c</run_address>
         <size>0x38</size>
         <input_file_ref idref="fl-6"/>
      </object_component>
      <object_component id="oc-6d">
         <name>.text.UART_OutUDec</name>
         <load_address>0x1374</load_address>
         <run_address>0x1374</run_address>
         <size>0x36</size>
         <input_file_ref idref="fl-8"/>
      </object_component>
      <object_component id="oc-f6">
         <name>.text.__aeabi_idiv0</name>
         <load_address>0x13aa</load_address>
         <run_address>0x13aa</run_address>
         <size>0x2</size>
         <input_file_ref idref="fl-7e"/>
      </object_component>
      <object_component id="oc-123">
         <name>.text.SysTick_Wait</name>
         <load_address>0x13ac</load_address>
         <run_address>0x13ac</run_address>
         <size>0x34</size>
         <input_file_ref idref="fl-1"/>
      </object_component>
      <object_component id="oc-116">
         <name>.text.setUpper</name>
         <load_address>0x13e0</load_address>
         <run_address>0x13e0</run_address>
         <size>0x34</size>
         <input_file_ref idref="fl-3"/>
      </object_component>
      <object_component id="oc-c8">
         <name>.text.Grader_Init</name>
         <load_address>0x1414</load_address>
         <run_address>0x1414</run_address>
         <size>0x28</size>
         <input_file_ref idref="fl-3"/>
      </object_component>
      <object_component id="oc-72">
         <name>.text.ReadWalk</name>
         <load_address>0x143c</load_address>
         <run_address>0x143c</run_address>
         <size>0x28</size>
         <input_file_ref idref="fl-3"/>
      </object_component>
      <object_component id="oc-d3">
         <name>.text.SysTick_Wait10ms</name>
         <load_address>0x1464</load_address>
         <run_address>0x1464</run_address>
         <size>0x28</size>
         <input_file_ref idref="fl-1"/>
      </object_component>
      <object_component id="oc-53">
         <name>.text:_c_int00_noargs</name>
         <load_address>0x148c</load_address>
         <run_address>0x148c</run_address>
         <size>0x28</size>
         <input_file_ref idref="fl-29"/>
      </object_component>
      <object_component id="oc-68">
         <name>.text.UART_OutString</name>
         <load_address>0x14b4</load_address>
         <run_address>0x14b4</run_address>
         <size>0x26</size>
         <input_file_ref idref="fl-8"/>
      </object_component>
      <object_component id="oc-117">
         <name>.text.Random32</name>
         <load_address>0x14dc</load_address>
         <run_address>0x14dc</run_address>
         <size>0x20</size>
         <input_file_ref idref="fl-3"/>
      </object_component>
      <object_component id="oc-ca">
         <name>.text.SysTick_Init</name>
         <load_address>0x14fc</load_address>
         <run_address>0x14fc</run_address>
         <size>0x20</size>
         <input_file_ref idref="fl-1"/>
      </object_component>
      <object_component id="oc-d1">
         <name>.text.Traffic_Out</name>
         <load_address>0x151c</load_address>
         <run_address>0x151c</run_address>
         <size>0x20</size>
         <input_file_ref idref="fl-4"/>
      </object_component>
      <object_component id="oc-a2">
         <name>.text.RxFifo_Size</name>
         <load_address>0x153c</load_address>
         <run_address>0x153c</run_address>
         <size>0x18</size>
         <input_file_ref idref="fl-5"/>
      </object_component>
      <object_component id="oc-61">
         <name>.text.TxFifo_Size</name>
         <load_address>0x1554</load_address>
         <run_address>0x1554</run_address>
         <size>0x18</size>
         <input_file_ref idref="fl-5"/>
      </object_component>
      <object_component id="oc-112">
         <name>.text.strcmp</name>
         <load_address>0x156c</load_address>
         <run_address>0x156c</run_address>
         <size>0x16</size>
         <input_file_ref idref="fl-28"/>
      </object_component>
      <object_component id="oc-cb">
         <name>.text.Debug_Init</name>
         <load_address>0x1584</load_address>
         <run_address>0x1584</run_address>
         <size>0x14</size>
         <input_file_ref idref="fl-2"/>
      </object_component>
      <object_component id="oc-138">
         <name>.text.RxFifo_Init</name>
         <load_address>0x1598</load_address>
         <run_address>0x1598</run_address>
         <size>0x14</size>
         <input_file_ref idref="fl-5"/>
      </object_component>
      <object_component id="oc-d4">
         <name>.text.Traffic_In</name>
         <load_address>0x15ac</load_address>
         <run_address>0x15ac</run_address>
         <size>0x14</size>
         <input_file_ref idref="fl-4"/>
      </object_component>
      <object_component id="oc-137">
         <name>.text.TxFifo_Init</name>
         <load_address>0x15c0</load_address>
         <run_address>0x15c0</run_address>
         <size>0x14</size>
         <input_file_ref idref="fl-5"/>
      </object_component>
      <object_component id="oc-4a">
         <name>.text:decompress:ZI:__TI_zero_init_nomemset</name>
         <load_address>0x15d4</load_address>
         <run_address>0x15d4</run_address>
         <size>0x14</size>
         <input_file_ref idref="fl-2e"/>
      </object_component>
      <object_component id="oc-b4">
         <name>.text:TI_memcpy_small</name>
         <load_address>0x15e8</load_address>
         <run_address>0x15e8</run_address>
         <size>0x12</size>
         <input_file_ref idref="fl-80"/>
      </object_component>
      <object_component id="oc-20">
         <name>.text:decompress:none</name>
         <load_address>0x15fa</load_address>
         <run_address>0x15fa</run_address>
         <size>0x12</size>
         <input_file_ref idref="fl-2f"/>
      </object_component>
      <object_component id="oc-134">
         <name>.text.Clock_Delay</name>
         <load_address>0x160c</load_address>
         <run_address>0x160c</run_address>
         <size>0x10</size>
         <input_file_ref idref="fl-1"/>
      </object_component>
      <object_component id="oc-6e">
         <name>.text.OutCRLF</name>
         <load_address>0x161c</load_address>
         <run_address>0x161c</run_address>
         <size>0x10</size>
         <input_file_ref idref="fl-3"/>
      </object_component>
      <object_component id="oc-139">
         <name>.text.Clock_Freq</name>
         <load_address>0x162c</load_address>
         <run_address>0x162c</run_address>
         <size>0xc</size>
         <input_file_ref idref="fl-1"/>
      </object_component>
      <object_component id="oc-43">
         <name>.text</name>
         <load_address>0x1638</load_address>
         <run_address>0x1638</run_address>
         <size>0x8</size>
         <input_file_ref idref="fl-7b"/>
      </object_component>
      <object_component id="oc-2c">
         <name>.text.Default_Handler</name>
         <load_address>0x1640</load_address>
         <run_address>0x1640</run_address>
         <size>0x4</size>
         <input_file_ref idref="fl-a"/>
      </object_component>
      <object_component id="oc-2d">
         <name>.text.HardFault_Handler</name>
         <load_address>0x1644</load_address>
         <run_address>0x1644</run_address>
         <size>0x4</size>
         <input_file_ref idref="fl-a"/>
      </object_component>
      <object_component id="oc-28">
         <name>.text.Reset_Handler</name>
         <load_address>0x1648</load_address>
         <run_address>0x1648</run_address>
         <size>0x4</size>
         <input_file_ref idref="fl-a"/>
      </object_component>
      <object_component id="oc-8f">
         <name>.text._system_pre_init</name>
         <load_address>0x164c</load_address>
         <run_address>0x164c</run_address>
         <size>0x4</size>
         <input_file_ref idref="fl-2c"/>
      </object_component>
      <object_component id="oc-d8">
         <name>.text:abort</name>
         <load_address>0x1650</load_address>
         <run_address>0x1650</run_address>
         <size>0x4</size>
         <input_file_ref idref="fl-24"/>
      </object_component>
      <object_component id="oc-181">
         <name>.cinit..data.load</name>
         <load_address>0x2000</load_address>
         <run_address>0x2000</run_address>
         <size>0xc</size>
      </object_component>
      <object_component id="oc-17f">
         <name>__TI_handler_table</name>
         <load_address>0x200c</load_address>
         <run_address>0x200c</run_address>
         <size>0xc</size>
      </object_component>
      <object_component id="oc-182">
         <name>.cinit..bss.load</name>
         <load_address>0x2018</load_address>
         <run_address>0x2018</run_address>
         <size>0x8</size>
      </object_component>
      <object_component id="oc-180">
         <name>__TI_cinit_table</name>
         <load_address>0x2020</load_address>
         <run_address>0x2020</run_address>
         <size>0x10</size>
      </object_component>
      <object_component id="oc-75">
         <name>.rodata.str1.1</name>
         <load_address>0x1658</load_address>
         <run_address>0x1658</run_address>
         <size>0x291</size>
         <input_file_ref idref="fl-3"/>
      </object_component>
      <object_component id="oc-d5">
         <name>.rodata.TrafficSystem</name>
         <load_address>0x18ec</load_address>
         <run_address>0x18ec</run_address>
         <size>0x270</size>
         <input_file_ref idref="fl-4"/>
      </object_component>
      <object_component id="oc-11f">
         <name>.rodata.SensorProblem</name>
         <load_address>0x1b5c</load_address>
         <run_address>0x1b5c</run_address>
         <size>0x140</size>
         <input_file_ref idref="fl-3"/>
      </object_component>
      <object_component id="oc-11d">
         <name>.rodata.SouthProblem</name>
         <load_address>0x1c9c</load_address>
         <run_address>0x1c9c</run_address>
         <size>0xf0</size>
         <input_file_ref idref="fl-3"/>
      </object_component>
      <object_component id="oc-120">
         <name>.rodata.PatternProblem</name>
         <load_address>0x1d8c</load_address>
         <run_address>0x1d8c</run_address>
         <size>0xc8</size>
         <input_file_ref idref="fl-3"/>
      </object_component>
      <object_component id="oc-82">
         <name>.rodata.pat</name>
         <load_address>0x1e54</load_address>
         <run_address>0x1e54</run_address>
         <size>0xc4</size>
         <input_file_ref idref="fl-3"/>
      </object_component>
      <object_component id="oc-11e">
         <name>.rodata.WestProblem</name>
         <load_address>0x1f18</load_address>
         <run_address>0x1f18</run_address>
         <size>0xa0</size>
         <input_file_ref idref="fl-3"/>
      </object_component>
      <object_component id="oc-b3">
         <name>.rodata.validPatterns</name>
         <load_address>0x1fb8</load_address>
         <run_address>0x1fb8</run_address>
         <size>0x1c</size>
         <input_file_ref idref="fl-3"/>
      </object_component>
      <object_component id="oc-7f">
         <name>.rodata.Patterns</name>
         <load_address>0x1fd4</load_address>
         <run_address>0x1fd4</run_address>
         <size>0x18</size>
         <input_file_ref idref="fl-3"/>
      </object_component>
      <object_component id="oc-11b">
         <name>.rodata.EID1</name>
         <load_address>0x1fec</load_address>
         <run_address>0x1fec</run_address>
         <size>0x8</size>
         <input_file_ref idref="fl-4"/>
      </object_component>
      <object_component id="oc-11c">
         <name>.rodata.EID2</name>
         <load_address>0x1ff4</load_address>
         <run_address>0x1ff4</run_address>
         <size>0x6</size>
         <input_file_ref idref="fl-4"/>
      </object_component>
      <object_component id="oc-14c">
         <name>.binit</name>
         <load_address>0x0</load_address>
         <run_address>0x0</run_address>
         <size>0x0</size>
      </object_component>
      <object_component id="oc-103">
         <name>.data.BusFreq</name>
         <load_address>0x20200420</load_address>
         <run_address>0x20200420</run_address>
         <size>0x4</size>
         <input_file_ref idref="fl-1"/>
      </object_component>
      <object_component id="oc-77">
         <name>.data.Time</name>
         <load_address>0x20200438</load_address>
         <run_address>0x20200438</run_address>
         <size>0x4</size>
         <input_file_ref idref="fl-3"/>
      </object_component>
      <object_component id="oc-74">
         <name>.data.Fail</name>
         <load_address>0x20200424</load_address>
         <run_address>0x20200424</run_address>
         <size>0x4</size>
         <input_file_ref idref="fl-3"/>
      </object_component>
      <object_component id="oc-b1">
         <name>.data.SouthMode</name>
         <load_address>0x20200434</load_address>
         <run_address>0x20200434</run_address>
         <size>0x4</size>
         <input_file_ref idref="fl-3"/>
      </object_component>
      <object_component id="oc-b2">
         <name>.data.WestMode</name>
         <load_address>0x2020043c</load_address>
         <run_address>0x2020043c</run_address>
         <size>0x4</size>
         <input_file_ref idref="fl-3"/>
      </object_component>
      <object_component id="oc-b0">
         <name>.data.SensorMode</name>
         <load_address>0x20200430</load_address>
         <run_address>0x20200430</run_address>
         <size>0x4</size>
         <input_file_ref idref="fl-3"/>
      </object_component>
      <object_component id="oc-76">
         <name>.data.Score</name>
         <load_address>0x2020042c</load_address>
         <run_address>0x2020042c</run_address>
         <size>0x4</size>
         <input_file_ref idref="fl-3"/>
      </object_component>
      <object_component id="oc-7e">
         <name>.data.PatternMode</name>
         <load_address>0x20200428</load_address>
         <run_address>0x20200428</run_address>
         <size>0x4</size>
         <input_file_ref idref="fl-3"/>
      </object_component>
      <object_component id="oc-f4">
         <name>.bss.TxFifo</name>
         <uninitialized>true</uninitialized>
         <run_address>0x20200190</run_address>
         <size>0x40</size>
         <input_file_ref idref="fl-5"/>
      </object_component>
      <object_component id="oc-f3">
         <name>.bss.RxFifo</name>
         <uninitialized>true</uninitialized>
         <run_address>0x202001d0</run_address>
         <size>0x10</size>
         <input_file_ref idref="fl-5"/>
      </object_component>
      <object_component id="oc-10e">
         <name>.common:DebugCnt</name>
         <uninitialized>true</uninitialized>
         <run_address>0x202001e0</run_address>
         <size>0x4</size>
      </object_component>
      <object_component id="oc-121">
         <name>.common:TimeBuffer</name>
         <uninitialized>true</uninitialized>
         <run_address>0x202000c8</run_address>
         <size>0xc8</size>
      </object_component>
      <object_component id="oc-122">
         <name>.common:DataBuffer</name>
         <uninitialized>true</uninitialized>
         <run_address>0x20200000</run_address>
         <size>0xc8</size>
      </object_component>
      <object_component id="oc-11a">
         <name>.common:M</name>
         <uninitialized>true</uninitialized>
         <run_address>0x202001f8</run_address>
         <size>0x4</size>
      </object_component>
      <object_component id="oc-78">
         <name>.common:in</name>
         <uninitialized>true</uninitialized>
         <run_address>0x20200214</run_address>
         <size>0x4</size>
      </object_component>
      <object_component id="oc-79">
         <name>.common:out</name>
         <uninitialized>true</uninitialized>
         <run_address>0x20200218</run_address>
         <size>0x4</size>
      </object_component>
      <object_component id="oc-7a">
         <name>.common:LastIn</name>
         <uninitialized>true</uninitialized>
         <run_address>0x202001e4</run_address>
         <size>0x4</size>
      </object_component>
      <object_component id="oc-7b">
         <name>.common:LastOut</name>
         <uninitialized>true</uninitialized>
         <run_address>0x202001e8</run_address>
         <size>0x4</size>
      </object_component>
      <object_component id="oc-7c">
         <name>.common:state</name>
         <uninitialized>true</uninitialized>
         <run_address>0x2020021c</run_address>
         <size>0x4</size>
      </object_component>
      <object_component id="oc-7d">
         <name>.common:LookingFlag</name>
         <uninitialized>true</uninitialized>
         <run_address>0x202001f0</run_address>
         <size>0x4</size>
      </object_component>
      <object_component id="oc-80">
         <name>.common:LookingFor</name>
         <uninitialized>true</uninitialized>
         <run_address>0x202001f4</run_address>
         <size>0x4</size>
      </object_component>
      <object_component id="oc-81">
         <name>.common:NeedState</name>
         <uninitialized>true</uninitialized>
         <run_address>0x202001fc</run_address>
         <size>0x4</size>
      </object_component>
      <object_component id="oc-83">
         <name>.common:WrongState</name>
         <uninitialized>true</uninitialized>
         <run_address>0x20200210</run_address>
         <size>0x4</size>
      </object_component>
      <object_component id="oc-84">
         <name>.common:LastState</name>
         <uninitialized>true</uninitialized>
         <run_address>0x202001ec</run_address>
         <size>0x4</size>
      </object_component>
      <object_component id="oc-a6">
         <name>.common:TxGetI</name>
         <uninitialized>true</uninitialized>
         <run_address>0x20200208</run_address>
         <size>0x4</size>
      </object_component>
      <object_component id="oc-a5">
         <name>.common:TxPutI</name>
         <uninitialized>true</uninitialized>
         <run_address>0x2020020c</run_address>
         <size>0x4</size>
      </object_component>
      <object_component id="oc-f2">
         <name>.common:RxGetI</name>
         <uninitialized>true</uninitialized>
         <run_address>0x20200200</run_address>
         <size>0x4</size>
      </object_component>
      <object_component id="oc-f1">
         <name>.common:RxPutI</name>
         <uninitialized>true</uninitialized>
         <run_address>0x20200204</run_address>
         <size>0x4</size>
      </object_component>
      <object_component id="oc-26">
         <name>.sysmem</name>
         <uninitialized>true</uninitialized>
         <run_address>0x20200220</run_address>
         <size>0x10</size>
         <input_file_ref idref="fl-27"/>
      </object_component>
      <object_component id="oc-185">
         <name>.sysmem</name>
         <uninitialized>true</uninitialized>
         <run_address>0x20200220</run_address>
         <size>0x0</size>
      </object_component>
      <object_component id="oc-1a">
         <name>.stack</name>
         <uninitialized>true</uninitialized>
         <run_address>0x20207e00</run_address>
         <size>0x4</size>
         <input_file_ref idref="fl-29"/>
      </object_component>
      <object_component id="oc-184">
         <name>.stack</name>
         <uninitialized>true</uninitialized>
         <run_address>0x20207e00</run_address>
         <size>0x0</size>
      </object_component>
      <object_component id="oc-104">
         <name>.debug_abbrev</name>
         <load_address>0x0</load_address>
         <run_address>0x0</run_address>
         <size>0x18b</size>
         <input_file_ref idref="fl-1"/>
      </object_component>
      <object_component id="oc-10f">
         <name>.debug_abbrev</name>
         <load_address>0x18b</load_address>
         <run_address>0x18b</run_address>
         <size>0x10f</size>
         <input_file_ref idref="fl-2"/>
      </object_component>
      <object_component id="oc-85">
         <name>.debug_abbrev</name>
         <load_address>0x29a</load_address>
         <run_address>0x29a</run_address>
         <size>0x205</size>
         <input_file_ref idref="fl-3"/>
      </object_component>
      <object_component id="oc-d6">
         <name>.debug_abbrev</name>
         <load_address>0x49f</load_address>
         <run_address>0x49f</run_address>
         <size>0x165</size>
         <input_file_ref idref="fl-4"/>
      </object_component>
      <object_component id="oc-a7">
         <name>.debug_abbrev</name>
         <load_address>0x604</load_address>
         <run_address>0x604</run_address>
         <size>0xd8</size>
         <input_file_ref idref="fl-5"/>
      </object_component>
      <object_component id="oc-107">
         <name>.debug_abbrev</name>
         <load_address>0x6dc</load_address>
         <run_address>0x6dc</run_address>
         <size>0x10d</size>
         <input_file_ref idref="fl-6"/>
      </object_component>
      <object_component id="oc-135">
         <name>.debug_abbrev</name>
         <load_address>0x7e9</load_address>
         <run_address>0x7e9</run_address>
         <size>0xf3</size>
         <input_file_ref idref="fl-7"/>
      </object_component>
      <object_component id="oc-aa">
         <name>.debug_abbrev</name>
         <load_address>0x8dc</load_address>
         <run_address>0x8dc</run_address>
         <size>0xb4</size>
         <input_file_ref idref="fl-8"/>
      </object_component>
      <object_component id="oc-66">
         <name>.debug_abbrev</name>
         <load_address>0x990</load_address>
         <run_address>0x990</run_address>
         <size>0x132</size>
         <input_file_ref idref="fl-9"/>
      </object_component>
      <object_component id="oc-38">
         <name>.debug_abbrev</name>
         <load_address>0xac2</load_address>
         <run_address>0xac2</run_address>
         <size>0x6d</size>
         <input_file_ref idref="fl-a"/>
      </object_component>
      <object_component id="oc-124">
         <name>.debug_abbrev</name>
         <load_address>0xb2f</load_address>
         <run_address>0xb2f</run_address>
         <size>0xb3</size>
         <input_file_ref idref="fl-24"/>
      </object_component>
      <object_component id="oc-5a">
         <name>.debug_abbrev</name>
         <load_address>0xbe2</load_address>
         <run_address>0xbe2</run_address>
         <size>0x220</size>
         <input_file_ref idref="fl-27"/>
      </object_component>
      <object_component id="oc-13a">
         <name>.debug_abbrev</name>
         <load_address>0xe02</load_address>
         <run_address>0xe02</run_address>
         <size>0x72</size>
         <input_file_ref idref="fl-28"/>
      </object_component>
      <object_component id="oc-3a">
         <name>.debug_abbrev</name>
         <load_address>0xe74</load_address>
         <run_address>0xe74</run_address>
         <size>0xaf</size>
         <input_file_ref idref="fl-29"/>
      </object_component>
      <object_component id="oc-12a">
         <name>.debug_abbrev</name>
         <load_address>0xf23</load_address>
         <run_address>0xf23</run_address>
         <size>0x186</size>
         <input_file_ref idref="fl-2b"/>
      </object_component>
      <object_component id="oc-bc">
         <name>.debug_abbrev</name>
         <load_address>0x10a9</load_address>
         <run_address>0x10a9</run_address>
         <size>0x39</size>
         <input_file_ref idref="fl-2c"/>
      </object_component>
      <object_component id="oc-89">
         <name>.debug_abbrev</name>
         <load_address>0x10e2</load_address>
         <run_address>0x10e2</run_address>
         <size>0xcb</size>
         <input_file_ref idref="fl-2e"/>
      </object_component>
      <object_component id="oc-47">
         <name>.debug_abbrev</name>
         <load_address>0x11ad</load_address>
         <run_address>0x11ad</run_address>
         <size>0x70</size>
         <input_file_ref idref="fl-2f"/>
      </object_component>
      <object_component id="oc-3f">
         <name>.debug_abbrev</name>
         <load_address>0x121d</load_address>
         <run_address>0x121d</run_address>
         <size>0x9c</size>
         <input_file_ref idref="fl-30"/>
      </object_component>
      <object_component id="oc-88">
         <name>.debug_abbrev</name>
         <load_address>0x12b9</load_address>
         <run_address>0x12b9</run_address>
         <size>0x27</size>
         <input_file_ref idref="fl-7b"/>
      </object_component>
      <object_component id="oc-fb">
         <name>.debug_abbrev</name>
         <load_address>0x12e0</load_address>
         <run_address>0x12e0</run_address>
         <size>0x27</size>
         <input_file_ref idref="fl-7d"/>
      </object_component>
      <object_component id="oc-130">
         <name>.debug_abbrev</name>
         <load_address>0x1307</load_address>
         <run_address>0x1307</run_address>
         <size>0x59</size>
         <input_file_ref idref="fl-7e"/>
      </object_component>
      <object_component id="oc-fc">
         <name>.debug_abbrev</name>
         <load_address>0x1360</load_address>
         <run_address>0x1360</run_address>
         <size>0x25</size>
         <input_file_ref idref="fl-80"/>
      </object_component>
      <object_component id="oc-187">
         <name>.debug_abbrev</name>
         <load_address>0x1385</load_address>
         <run_address>0x1385</run_address>
         <size>0xf</size>
      </object_component>
      <object_component id="oc-bf">
         <name>.debug_info</name>
         <load_address>0x0</load_address>
         <run_address>0x0</run_address>
         <size>0x22ba</size>
         <input_file_ref idref="fl-1"/>
      </object_component>
      <object_component id="oc-cc">
         <name>.debug_info</name>
         <load_address>0x22ba</load_address>
         <run_address>0x22ba</run_address>
         <size>0xedf</size>
         <input_file_ref idref="fl-2"/>
      </object_component>
      <object_component id="oc-34">
         <name>.debug_info</name>
         <load_address>0x3199</load_address>
         <run_address>0x3199</run_address>
         <size>0x1582</size>
         <input_file_ref idref="fl-3"/>
      </object_component>
      <object_component id="oc-94">
         <name>.debug_info</name>
         <load_address>0x471b</load_address>
         <run_address>0x471b</run_address>
         <size>0xc51</size>
         <input_file_ref idref="fl-4"/>
      </object_component>
      <object_component id="oc-62">
         <name>.debug_info</name>
         <load_address>0x536c</load_address>
         <run_address>0x536c</run_address>
         <size>0x1f0</size>
         <input_file_ref idref="fl-5"/>
      </object_component>
      <object_component id="oc-c4">
         <name>.debug_info</name>
         <load_address>0x555c</load_address>
         <run_address>0x555c</run_address>
         <size>0x856</size>
         <input_file_ref idref="fl-6"/>
      </object_component>
      <object_component id="oc-10a">
         <name>.debug_info</name>
         <load_address>0x5db2</load_address>
         <run_address>0x5db2</run_address>
         <size>0x9b1</size>
         <input_file_ref idref="fl-7"/>
      </object_component>
      <object_component id="oc-69">
         <name>.debug_info</name>
         <load_address>0x6763</load_address>
         <run_address>0x6763</run_address>
         <size>0x588</size>
         <input_file_ref idref="fl-8"/>
      </object_component>
      <object_component id="oc-2f">
         <name>.debug_info</name>
         <load_address>0x6ceb</load_address>
         <run_address>0x6ceb</run_address>
         <size>0x785</size>
         <input_file_ref idref="fl-9"/>
      </object_component>
      <object_component id="oc-19">
         <name>.debug_info</name>
         <load_address>0x7470</load_address>
         <run_address>0x7470</run_address>
         <size>0x94</size>
         <input_file_ref idref="fl-a"/>
      </object_component>
      <object_component id="oc-d9">
         <name>.debug_info</name>
         <load_address>0x7504</load_address>
         <run_address>0x7504</run_address>
         <size>0xed</size>
         <input_file_ref idref="fl-24"/>
      </object_component>
      <object_component id="oc-27">
         <name>.debug_info</name>
         <load_address>0x75f1</load_address>
         <run_address>0x75f1</run_address>
         <size>0xa4b</size>
         <input_file_ref idref="fl-27"/>
      </object_component>
      <object_component id="oc-113">
         <name>.debug_info</name>
         <load_address>0x803c</load_address>
         <run_address>0x803c</run_address>
         <size>0x9c</size>
         <input_file_ref idref="fl-28"/>
      </object_component>
      <object_component id="oc-1b">
         <name>.debug_info</name>
         <load_address>0x80d8</load_address>
         <run_address>0x80d8</run_address>
         <size>0x423</size>
         <input_file_ref idref="fl-29"/>
      </object_component>
      <object_component id="oc-e3">
         <name>.debug_info</name>
         <load_address>0x84fb</load_address>
         <run_address>0x84fb</run_address>
         <size>0x792</size>
         <input_file_ref idref="fl-2b"/>
      </object_component>
      <object_component id="oc-90">
         <name>.debug_info</name>
         <load_address>0x8c8d</load_address>
         <run_address>0x8c8d</run_address>
         <size>0x46</size>
         <input_file_ref idref="fl-2c"/>
      </object_component>
      <object_component id="oc-4c">
         <name>.debug_info</name>
         <load_address>0x8cd3</load_address>
         <run_address>0x8cd3</run_address>
         <size>0x190</size>
         <input_file_ref idref="fl-2e"/>
      </object_component>
      <object_component id="oc-21">
         <name>.debug_info</name>
         <load_address>0x8e63</load_address>
         <run_address>0x8e63</run_address>
         <size>0xc6</size>
         <input_file_ref idref="fl-2f"/>
      </object_component>
      <object_component id="oc-1d">
         <name>.debug_info</name>
         <load_address>0x8f29</load_address>
         <run_address>0x8f29</run_address>
         <size>0x17a</size>
         <input_file_ref idref="fl-30"/>
      </object_component>
      <object_component id="oc-44">
         <name>.debug_info</name>
         <load_address>0x90a3</load_address>
         <run_address>0x90a3</run_address>
         <size>0x1a9</size>
         <input_file_ref idref="fl-7b"/>
      </object_component>
      <object_component id="oc-ad">
         <name>.debug_info</name>
         <load_address>0x924c</load_address>
         <run_address>0x924c</run_address>
         <size>0x1cc</size>
         <input_file_ref idref="fl-7d"/>
      </object_component>
      <object_component id="oc-f7">
         <name>.debug_info</name>
         <load_address>0x9418</load_address>
         <run_address>0x9418</run_address>
         <size>0x85</size>
         <input_file_ref idref="fl-7e"/>
      </object_component>
      <object_component id="oc-b5">
         <name>.debug_info</name>
         <load_address>0x949d</load_address>
         <run_address>0x949d</run_address>
         <size>0x2f5</size>
         <input_file_ref idref="fl-80"/>
      </object_component>
      <object_component id="oc-186">
         <name>.debug_info</name>
         <load_address>0x9792</load_address>
         <run_address>0x9792</run_address>
         <size>0xc1</size>
      </object_component>
      <object_component id="oc-c0">
         <name>.debug_ranges</name>
         <load_address>0x0</load_address>
         <run_address>0x0</run_address>
         <size>0x58</size>
         <input_file_ref idref="fl-1"/>
      </object_component>
      <object_component id="oc-cd">
         <name>.debug_ranges</name>
         <load_address>0x58</load_address>
         <run_address>0x58</run_address>
         <size>0x38</size>
         <input_file_ref idref="fl-2"/>
      </object_component>
      <object_component id="oc-35">
         <name>.debug_ranges</name>
         <load_address>0x90</load_address>
         <run_address>0x90</run_address>
         <size>0x78</size>
         <input_file_ref idref="fl-3"/>
      </object_component>
      <object_component id="oc-95">
         <name>.debug_ranges</name>
         <load_address>0x108</load_address>
         <run_address>0x108</run_address>
         <size>0x48</size>
         <input_file_ref idref="fl-4"/>
      </object_component>
      <object_component id="oc-63">
         <name>.debug_ranges</name>
         <load_address>0x150</load_address>
         <run_address>0x150</run_address>
         <size>0x48</size>
         <input_file_ref idref="fl-5"/>
      </object_component>
      <object_component id="oc-c5">
         <name>.debug_ranges</name>
         <load_address>0x198</load_address>
         <run_address>0x198</run_address>
         <size>0x58</size>
         <input_file_ref idref="fl-6"/>
      </object_component>
      <object_component id="oc-10b">
         <name>.debug_ranges</name>
         <load_address>0x1f0</load_address>
         <run_address>0x1f0</run_address>
         <size>0x48</size>
         <input_file_ref idref="fl-7"/>
      </object_component>
      <object_component id="oc-6a">
         <name>.debug_ranges</name>
         <load_address>0x238</load_address>
         <run_address>0x238</run_address>
         <size>0x80</size>
         <input_file_ref idref="fl-8"/>
      </object_component>
      <object_component id="oc-30">
         <name>.debug_ranges</name>
         <load_address>0x2b8</load_address>
         <run_address>0x2b8</run_address>
         <size>0x38</size>
         <input_file_ref idref="fl-9"/>
      </object_component>
      <object_component id="oc-29">
         <name>.debug_ranges</name>
         <load_address>0x2f0</load_address>
         <run_address>0x2f0</run_address>
         <size>0x20</size>
         <input_file_ref idref="fl-a"/>
      </object_component>
      <object_component id="oc-da">
         <name>.debug_ranges</name>
         <load_address>0x310</load_address>
         <run_address>0x310</run_address>
         <size>0x18</size>
         <input_file_ref idref="fl-24"/>
      </object_component>
      <object_component id="oc-5d">
         <name>.debug_ranges</name>
         <load_address>0x328</load_address>
         <run_address>0x328</run_address>
         <size>0xe0</size>
         <input_file_ref idref="fl-27"/>
      </object_component>
      <object_component id="oc-3d">
         <name>.debug_ranges</name>
         <load_address>0x408</load_address>
         <run_address>0x408</run_address>
         <size>0x48</size>
         <input_file_ref idref="fl-29"/>
      </object_component>
      <object_component id="oc-e4">
         <name>.debug_ranges</name>
         <load_address>0x450</load_address>
         <run_address>0x450</run_address>
         <size>0xa8</size>
         <input_file_ref idref="fl-2b"/>
      </object_component>
      <object_component id="oc-4d">
         <name>.debug_ranges</name>
         <load_address>0x4f8</load_address>
         <run_address>0x4f8</run_address>
         <size>0x18</size>
         <input_file_ref idref="fl-2e"/>
      </object_component>
      <object_component id="oc-42">
         <name>.debug_ranges</name>
         <load_address>0x510</load_address>
         <run_address>0x510</run_address>
         <size>0x30</size>
         <input_file_ref idref="fl-30"/>
      </object_component>
      <object_component id="oc-f8">
         <name>.debug_ranges</name>
         <load_address>0x540</load_address>
         <run_address>0x540</run_address>
         <size>0x18</size>
         <input_file_ref idref="fl-7e"/>
      </object_component>
      <object_component id="oc-b7">
         <name>.debug_ranges</name>
         <load_address>0x558</load_address>
         <run_address>0x558</run_address>
         <size>0x28</size>
         <input_file_ref idref="fl-80"/>
      </object_component>
      <object_component id="oc-105">
         <name>.debug_str</name>
         <load_address>0x0</load_address>
         <run_address>0x0</run_address>
         <size>0xf31</size>
         <input_file_ref idref="fl-1"/>
      </object_component>
      <object_component id="oc-110">
         <name>.debug_str</name>
         <load_address>0xf31</load_address>
         <run_address>0xf31</run_address>
         <size>0x6dd</size>
         <input_file_ref idref="fl-2"/>
      </object_component>
      <object_component id="oc-86">
         <name>.debug_str</name>
         <load_address>0x160e</load_address>
         <run_address>0x160e</run_address>
         <size>0x890</size>
         <input_file_ref idref="fl-3"/>
      </object_component>
      <object_component id="oc-d7">
         <name>.debug_str</name>
         <load_address>0x1e9e</load_address>
         <run_address>0x1e9e</run_address>
         <size>0x631</size>
         <input_file_ref idref="fl-4"/>
      </object_component>
      <object_component id="oc-a8">
         <name>.debug_str</name>
         <load_address>0x24cf</load_address>
         <run_address>0x24cf</run_address>
         <size>0x1d9</size>
         <input_file_ref idref="fl-5"/>
      </object_component>
      <object_component id="oc-108">
         <name>.debug_str</name>
         <load_address>0x26a8</load_address>
         <run_address>0x26a8</run_address>
         <size>0x566</size>
         <input_file_ref idref="fl-6"/>
      </object_component>
      <object_component id="oc-136">
         <name>.debug_str</name>
         <load_address>0x2c0e</load_address>
         <run_address>0x2c0e</run_address>
         <size>0x4d3</size>
         <input_file_ref idref="fl-7"/>
      </object_component>
      <object_component id="oc-ab">
         <name>.debug_str</name>
         <load_address>0x30e1</load_address>
         <run_address>0x30e1</run_address>
         <size>0x327</size>
         <input_file_ref idref="fl-8"/>
      </object_component>
      <object_component id="oc-67">
         <name>.debug_str</name>
         <load_address>0x3408</load_address>
         <run_address>0x3408</run_address>
         <size>0x444</size>
         <input_file_ref idref="fl-9"/>
      </object_component>
      <object_component id="oc-39">
         <name>.debug_str</name>
         <load_address>0x384c</load_address>
         <run_address>0x384c</run_address>
         <size>0x141</size>
         <input_file_ref idref="fl-a"/>
      </object_component>
      <object_component id="oc-125">
         <name>.debug_str</name>
         <load_address>0x398d</load_address>
         <run_address>0x398d</run_address>
         <size>0x192</size>
         <input_file_ref idref="fl-24"/>
      </object_component>
      <object_component id="oc-5b">
         <name>.debug_str</name>
         <load_address>0x3b1f</load_address>
         <run_address>0x3b1f</run_address>
         <size>0x3f4</size>
         <input_file_ref idref="fl-27"/>
      </object_component>
      <object_component id="oc-13b">
         <name>.debug_str</name>
         <load_address>0x3f13</load_address>
         <run_address>0x3f13</run_address>
         <size>0x166</size>
         <input_file_ref idref="fl-28"/>
      </object_component>
      <object_component id="oc-3b">
         <name>.debug_str</name>
         <load_address>0x4079</load_address>
         <run_address>0x4079</run_address>
         <size>0x278</size>
         <input_file_ref idref="fl-29"/>
      </object_component>
      <object_component id="oc-12b">
         <name>.debug_str</name>
         <load_address>0x42f1</load_address>
         <run_address>0x42f1</run_address>
         <size>0x382</size>
         <input_file_ref idref="fl-2b"/>
      </object_component>
      <object_component id="oc-bd">
         <name>.debug_str</name>
         <load_address>0x4673</load_address>
         <run_address>0x4673</run_address>
         <size>0x148</size>
         <input_file_ref idref="fl-2c"/>
      </object_component>
      <object_component id="oc-8a">
         <name>.debug_str</name>
         <load_address>0x47bb</load_address>
         <run_address>0x47bb</run_address>
         <size>0x1ee</size>
         <input_file_ref idref="fl-2e"/>
      </object_component>
      <object_component id="oc-48">
         <name>.debug_str</name>
         <load_address>0x49a9</load_address>
         <run_address>0x49a9</run_address>
         <size>0x1bb</size>
         <input_file_ref idref="fl-2f"/>
      </object_component>
      <object_component id="oc-40">
         <name>.debug_str</name>
         <load_address>0x4b64</load_address>
         <run_address>0x4b64</run_address>
         <size>0x228</size>
         <input_file_ref idref="fl-30"/>
      </object_component>
      <object_component id="oc-131">
         <name>.debug_str</name>
         <load_address>0x4d8c</load_address>
         <run_address>0x4d8c</run_address>
         <size>0x1a3</size>
         <input_file_ref idref="fl-7e"/>
      </object_component>
      <object_component id="oc-c1">
         <name>.debug_frame</name>
         <load_address>0x0</load_address>
         <run_address>0x0</run_address>
         <size>0xf4</size>
         <input_file_ref idref="fl-1"/>
      </object_component>
      <object_component id="oc-ce">
         <name>.debug_frame</name>
         <load_address>0xf4</load_address>
         <run_address>0xf4</run_address>
         <size>0x9c</size>
         <input_file_ref idref="fl-2"/>
      </object_component>
      <object_component id="oc-36">
         <name>.debug_frame</name>
         <load_address>0x190</load_address>
         <run_address>0x190</run_address>
         <size>0x14c</size>
         <input_file_ref idref="fl-3"/>
      </object_component>
      <object_component id="oc-96">
         <name>.debug_frame</name>
         <load_address>0x2dc</load_address>
         <run_address>0x2dc</run_address>
         <size>0xd0</size>
         <input_file_ref idref="fl-4"/>
      </object_component>
      <object_component id="oc-64">
         <name>.debug_frame</name>
         <load_address>0x3ac</load_address>
         <run_address>0x3ac</run_address>
         <size>0xa0</size>
         <input_file_ref idref="fl-5"/>
      </object_component>
      <object_component id="oc-c6">
         <name>.debug_frame</name>
         <load_address>0x44c</load_address>
         <run_address>0x44c</run_address>
         <size>0xd0</size>
         <input_file_ref idref="fl-6"/>
      </object_component>
      <object_component id="oc-10c">
         <name>.debug_frame</name>
         <load_address>0x51c</load_address>
         <run_address>0x51c</run_address>
         <size>0xec</size>
         <input_file_ref idref="fl-7"/>
      </object_component>
      <object_component id="oc-6b">
         <name>.debug_frame</name>
         <load_address>0x608</load_address>
         <run_address>0x608</run_address>
         <size>0x194</size>
         <input_file_ref idref="fl-8"/>
      </object_component>
      <object_component id="oc-31">
         <name>.debug_frame</name>
         <load_address>0x79c</load_address>
         <run_address>0x79c</run_address>
         <size>0xb4</size>
         <input_file_ref idref="fl-9"/>
      </object_component>
      <object_component id="oc-2a">
         <name>.debug_frame</name>
         <load_address>0x850</load_address>
         <run_address>0x850</run_address>
         <size>0x40</size>
         <input_file_ref idref="fl-a"/>
      </object_component>
      <object_component id="oc-db">
         <name>.debug_frame</name>
         <load_address>0x890</load_address>
         <run_address>0x890</run_address>
         <size>0x30</size>
         <input_file_ref idref="fl-24"/>
      </object_component>
      <object_component id="oc-114">
         <name>.debug_frame</name>
         <load_address>0x8c0</load_address>
         <run_address>0x8c0</run_address>
         <size>0x20</size>
         <input_file_ref idref="fl-28"/>
      </object_component>
      <object_component id="oc-52">
         <name>.debug_frame</name>
         <load_address>0x8e0</load_address>
         <run_address>0x8e0</run_address>
         <size>0x90</size>
         <input_file_ref idref="fl-29"/>
      </object_component>
      <object_component id="oc-e0">
         <name>.debug_frame</name>
         <load_address>0x970</load_address>
         <run_address>0x970</run_address>
         <size>0x100</size>
         <input_file_ref idref="fl-2b"/>
      </object_component>
      <object_component id="oc-91">
         <name>.debug_frame</name>
         <load_address>0xa70</load_address>
         <run_address>0xa70</run_address>
         <size>0x20</size>
         <input_file_ref idref="fl-2c"/>
      </object_component>
      <object_component id="oc-4e">
         <name>.debug_frame</name>
         <load_address>0xa90</load_address>
         <run_address>0xa90</run_address>
         <size>0x38</size>
         <input_file_ref idref="fl-2e"/>
      </object_component>
      <object_component id="oc-22">
         <name>.debug_frame</name>
         <load_address>0xac8</load_address>
         <run_address>0xac8</run_address>
         <size>0x28</size>
         <input_file_ref idref="fl-2f"/>
      </object_component>
      <object_component id="oc-1e">
         <name>.debug_frame</name>
         <load_address>0xaf0</load_address>
         <run_address>0xaf0</run_address>
         <size>0x30</size>
         <input_file_ref idref="fl-30"/>
      </object_component>
      <object_component id="oc-f9">
         <name>.debug_frame</name>
         <load_address>0xb20</load_address>
         <run_address>0xb20</run_address>
         <size>0x30</size>
         <input_file_ref idref="fl-7e"/>
      </object_component>
      <object_component id="oc-c2">
         <name>.debug_line</name>
         <load_address>0x0</load_address>
         <run_address>0x0</run_address>
         <size>0x6fd</size>
         <input_file_ref idref="fl-1"/>
      </object_component>
      <object_component id="oc-cf">
         <name>.debug_line</name>
         <load_address>0x6fd</load_address>
         <run_address>0x6fd</run_address>
         <size>0x4ee</size>
         <input_file_ref idref="fl-2"/>
      </object_component>
      <object_component id="oc-37">
         <name>.debug_line</name>
         <load_address>0xbeb</load_address>
         <run_address>0xbeb</run_address>
         <size>0xb5c</size>
         <input_file_ref idref="fl-3"/>
      </object_component>
      <object_component id="oc-97">
         <name>.debug_line</name>
         <load_address>0x1747</load_address>
         <run_address>0x1747</run_address>
         <size>0x53a</size>
         <input_file_ref idref="fl-4"/>
      </object_component>
      <object_component id="oc-65">
         <name>.debug_line</name>
         <load_address>0x1c81</load_address>
         <run_address>0x1c81</run_address>
         <size>0x305</size>
         <input_file_ref idref="fl-5"/>
      </object_component>
      <object_component id="oc-c7">
         <name>.debug_line</name>
         <load_address>0x1f86</load_address>
         <run_address>0x1f86</run_address>
         <size>0x39e</size>
         <input_file_ref idref="fl-6"/>
      </object_component>
      <object_component id="oc-10d">
         <name>.debug_line</name>
         <load_address>0x2324</load_address>
         <run_address>0x2324</run_address>
         <size>0x50e</size>
         <input_file_ref idref="fl-7"/>
      </object_component>
      <object_component id="oc-6c">
         <name>.debug_line</name>
         <load_address>0x2832</load_address>
         <run_address>0x2832</run_address>
         <size>0x67a</size>
         <input_file_ref idref="fl-8"/>
      </object_component>
      <object_component id="oc-32">
         <name>.debug_line</name>
         <load_address>0x2eac</load_address>
         <run_address>0x2eac</run_address>
         <size>0x493</size>
         <input_file_ref idref="fl-9"/>
      </object_component>
      <object_component id="oc-2b">
         <name>.debug_line</name>
         <load_address>0x333f</load_address>
         <run_address>0x333f</run_address>
         <size>0x87</size>
         <input_file_ref idref="fl-a"/>
      </object_component>
      <object_component id="oc-dc">
         <name>.debug_line</name>
         <load_address>0x33c6</load_address>
         <run_address>0x33c6</run_address>
         <size>0x6b</size>
         <input_file_ref idref="fl-24"/>
      </object_component>
      <object_component id="oc-5c">
         <name>.debug_line</name>
         <load_address>0x3431</load_address>
         <run_address>0x3431</run_address>
         <size>0x6ec</size>
         <input_file_ref idref="fl-27"/>
      </object_component>
      <object_component id="oc-115">
         <name>.debug_line</name>
         <load_address>0x3b1d</load_address>
         <run_address>0x3b1d</run_address>
         <size>0x53</size>
         <input_file_ref idref="fl-28"/>
      </object_component>
      <object_component id="oc-3c">
         <name>.debug_line</name>
         <load_address>0x3b70</load_address>
         <run_address>0x3b70</run_address>
         <size>0x1fe</size>
         <input_file_ref idref="fl-29"/>
      </object_component>
      <object_component id="oc-e1">
         <name>.debug_line</name>
         <load_address>0x3d6e</load_address>
         <run_address>0x3d6e</run_address>
         <size>0x3ce</size>
         <input_file_ref idref="fl-2b"/>
      </object_component>
      <object_component id="oc-92">
         <name>.debug_line</name>
         <load_address>0x413c</load_address>
         <run_address>0x413c</run_address>
         <size>0x3e</size>
         <input_file_ref idref="fl-2c"/>
      </object_component>
      <object_component id="oc-4f">
         <name>.debug_line</name>
         <load_address>0x417a</load_address>
         <run_address>0x417a</run_address>
         <size>0xfe</size>
         <input_file_ref idref="fl-2e"/>
      </object_component>
      <object_component id="oc-23">
         <name>.debug_line</name>
         <load_address>0x4278</load_address>
         <run_address>0x4278</run_address>
         <size>0x62</size>
         <input_file_ref idref="fl-2f"/>
      </object_component>
      <object_component id="oc-1f">
         <name>.debug_line</name>
         <load_address>0x42da</load_address>
         <run_address>0x42da</run_address>
         <size>0x10c</size>
         <input_file_ref idref="fl-30"/>
      </object_component>
      <object_component id="oc-46">
         <name>.debug_line</name>
         <load_address>0x43e6</load_address>
         <run_address>0x43e6</run_address>
         <size>0xa8</size>
         <input_file_ref idref="fl-7b"/>
      </object_component>
      <object_component id="oc-af">
         <name>.debug_line</name>
         <load_address>0x448e</load_address>
         <run_address>0x448e</run_address>
         <size>0xc6</size>
         <input_file_ref idref="fl-7d"/>
      </object_component>
      <object_component id="oc-fa">
         <name>.debug_line</name>
         <load_address>0x4554</load_address>
         <run_address>0x4554</run_address>
         <size>0xbb</size>
         <input_file_ref idref="fl-7e"/>
      </object_component>
      <object_component id="oc-b8">
         <name>.debug_line</name>
         <load_address>0x460f</load_address>
         <run_address>0x460f</run_address>
         <size>0xa0</size>
         <input_file_ref idref="fl-80"/>
      </object_component>
      <object_component id="oc-de">
         <name>.debug_loc</name>
         <load_address>0x0</load_address>
         <run_address>0x0</run_address>
         <size>0x26</size>
         <input_file_ref idref="fl-24"/>
      </object_component>
      <object_component id="oc-5e">
         <name>.debug_loc</name>
         <load_address>0x26</load_address>
         <run_address>0x26</run_address>
         <size>0x753</size>
         <input_file_ref idref="fl-27"/>
      </object_component>
      <object_component id="oc-13c">
         <name>.debug_loc</name>
         <load_address>0x779</load_address>
         <run_address>0x779</run_address>
         <size>0x39</size>
         <input_file_ref idref="fl-28"/>
      </object_component>
      <object_component id="oc-3e">
         <name>.debug_loc</name>
         <load_address>0x7b2</load_address>
         <run_address>0x7b2</run_address>
         <size>0xd8</size>
         <input_file_ref idref="fl-29"/>
      </object_component>
      <object_component id="oc-e2">
         <name>.debug_loc</name>
         <load_address>0x88a</load_address>
         <run_address>0x88a</run_address>
         <size>0x558</size>
         <input_file_ref idref="fl-2b"/>
      </object_component>
      <object_component id="oc-4b">
         <name>.debug_loc</name>
         <load_address>0xde2</load_address>
         <run_address>0xde2</run_address>
         <size>0x13b</size>
         <input_file_ref idref="fl-2e"/>
      </object_component>
      <object_component id="oc-49">
         <name>.debug_loc</name>
         <load_address>0xf1d</load_address>
         <run_address>0xf1d</run_address>
         <size>0x6f</size>
         <input_file_ref idref="fl-2f"/>
      </object_component>
      <object_component id="oc-41">
         <name>.debug_loc</name>
         <load_address>0xf8c</load_address>
         <run_address>0xf8c</run_address>
         <size>0xe8</size>
         <input_file_ref idref="fl-30"/>
      </object_component>
      <object_component id="oc-132">
         <name>.debug_loc</name>
         <load_address>0x1074</load_address>
         <run_address>0x1074</run_address>
         <size>0x20</size>
         <input_file_ref idref="fl-7e"/>
      </object_component>
      <object_component id="oc-45">
         <name>.debug_aranges</name>
         <load_address>0x0</load_address>
         <run_address>0x0</run_address>
         <size>0x20</size>
         <input_file_ref idref="fl-7b"/>
      </object_component>
      <object_component id="oc-ae">
         <name>.debug_aranges</name>
         <load_address>0x20</load_address>
         <run_address>0x20</run_address>
         <size>0x20</size>
         <input_file_ref idref="fl-7d"/>
      </object_component>
      <object_component id="oc-b6">
         <name>.debug_aranges</name>
         <load_address>0x40</load_address>
         <run_address>0x40</run_address>
         <size>0x28</size>
         <input_file_ref idref="fl-80"/>
      </object_component>
   </object_component_list>
   <logical_group_list>
      <logical_group id="lg-2" display="no" color="cyan">
         <name>.intvecs</name>
         <load_address>0x0</load_address>
         <run_address>0x0</run_address>
         <size>0xc0</size>
         <contents>
            <object_component_ref idref="oc-18"/>
         </contents>
      </logical_group>
      <logical_group id="lg-3" display="no" color="cyan">
         <name>.text</name>
         <load_address>0xc0</load_address>
         <run_address>0xc0</run_address>
         <size>0x1598</size>
         <contents>
            <object_component_ref idref="oc-33"/>
            <object_component_ref idref="oc-118"/>
            <object_component_ref idref="oc-d0"/>
            <object_component_ref idref="oc-be"/>
            <object_component_ref idref="oc-111"/>
            <object_component_ref idref="oc-119"/>
            <object_component_ref idref="oc-93"/>
            <object_component_ref idref="oc-c3"/>
            <object_component_ref idref="oc-6f"/>
            <object_component_ref idref="oc-1c"/>
            <object_component_ref idref="oc-73"/>
            <object_component_ref idref="oc-c9"/>
            <object_component_ref idref="oc-109"/>
            <object_component_ref idref="oc-70"/>
            <object_component_ref idref="oc-2e"/>
            <object_component_ref idref="oc-5f"/>
            <object_component_ref idref="oc-d2"/>
            <object_component_ref idref="oc-71"/>
            <object_component_ref idref="oc-a3"/>
            <object_component_ref idref="oc-a4"/>
            <object_component_ref idref="oc-f5"/>
            <object_component_ref idref="oc-60"/>
            <object_component_ref idref="oc-a9"/>
            <object_component_ref idref="oc-ac"/>
            <object_component_ref idref="oc-df"/>
            <object_component_ref idref="oc-106"/>
            <object_component_ref idref="oc-6d"/>
            <object_component_ref idref="oc-f6"/>
            <object_component_ref idref="oc-123"/>
            <object_component_ref idref="oc-116"/>
            <object_component_ref idref="oc-c8"/>
            <object_component_ref idref="oc-72"/>
            <object_component_ref idref="oc-d3"/>
            <object_component_ref idref="oc-53"/>
            <object_component_ref idref="oc-68"/>
            <object_component_ref idref="oc-117"/>
            <object_component_ref idref="oc-ca"/>
            <object_component_ref idref="oc-d1"/>
            <object_component_ref idref="oc-a2"/>
            <object_component_ref idref="oc-61"/>
            <object_component_ref idref="oc-112"/>
            <object_component_ref idref="oc-cb"/>
            <object_component_ref idref="oc-138"/>
            <object_component_ref idref="oc-d4"/>
            <object_component_ref idref="oc-137"/>
            <object_component_ref idref="oc-4a"/>
            <object_component_ref idref="oc-b4"/>
            <object_component_ref idref="oc-20"/>
            <object_component_ref idref="oc-134"/>
            <object_component_ref idref="oc-6e"/>
            <object_component_ref idref="oc-139"/>
            <object_component_ref idref="oc-43"/>
            <object_component_ref idref="oc-2c"/>
            <object_component_ref idref="oc-2d"/>
            <object_component_ref idref="oc-28"/>
            <object_component_ref idref="oc-8f"/>
            <object_component_ref idref="oc-d8"/>
         </contents>
      </logical_group>
      <logical_group id="lg-4" display="no" color="cyan">
         <name>.const</name>
         <run_address>0x0</run_address>
         <size>0x0</size>
         <contents>
         </contents>
      </logical_group>
      <logical_group id="lg-5" display="no" color="cyan">
         <name>.cinit</name>
         <load_address>0x2000</load_address>
         <run_address>0x2000</run_address>
         <size>0x30</size>
         <contents>
            <object_component_ref idref="oc-181"/>
            <object_component_ref idref="oc-17f"/>
            <object_component_ref idref="oc-182"/>
            <object_component_ref idref="oc-180"/>
         </contents>
      </logical_group>
      <logical_group id="lg-6" display="no" color="cyan">
         <name>.pinit</name>
         <run_address>0x0</run_address>
         <size>0x0</size>
         <contents>
         </contents>
      </logical_group>
      <logical_group id="lg-7" display="no" color="cyan">
         <name>.rodata</name>
         <load_address>0x1658</load_address>
         <run_address>0x1658</run_address>
         <size>0x9a8</size>
         <contents>
            <object_component_ref idref="oc-75"/>
            <object_component_ref idref="oc-d5"/>
            <object_component_ref idref="oc-11f"/>
            <object_component_ref idref="oc-11d"/>
            <object_component_ref idref="oc-120"/>
            <object_component_ref idref="oc-82"/>
            <object_component_ref idref="oc-11e"/>
            <object_component_ref idref="oc-b3"/>
            <object_component_ref idref="oc-7f"/>
            <object_component_ref idref="oc-11b"/>
            <object_component_ref idref="oc-11c"/>
         </contents>
      </logical_group>
      <logical_group id="lg-8" display="no" color="cyan">
         <name>.ARM.exidx</name>
         <run_address>0x0</run_address>
         <size>0x0</size>
         <contents>
[...]
      </handler>
   </handler_table>
   <symbol_table>
      <symbol id="sm-1">
         <name>__start___llvm_prf_cnts</name>
         <value>0x20200000</value>
      </symbol>
      <symbol id="sm-2">
         <name>__stop___llvm_prf_cnts</name>
         <value>0x20200000</value>
      </symbol>
      <symbol id="sm-3">
         <name>__start___llvm_prf_bits</name>
         <value>0x20200000</value>
      </symbol>
      <symbol id="sm-4">
         <name>__stop___llvm_prf_bits</name>
         <value>0x20200000</value>
      </symbol>
      <symbol id="sm-5">
         <name>__TI_CINIT_Base</name>
         <value>0x2020</value>
      </symbol>
      <symbol id="sm-6">
         <name>__TI_CINIT_Limit</name>
         <value>0x2030</value>
      </symbol>
      <symbol id="sm-7">
         <name>__TI_CINIT_Warm</name>
         <value>0x2030</value>
      </symbol>
      <symbol id="sm-8">
         <name>__TI_Handler_Table_Base</name>
         <value>0x200c</value>
      </symbol>
      <symbol id="sm-9">
         <name>__TI_Handler_Table_Limit</name>
         <value>0x2018</value>
      </symbol>
      <symbol id="sm-a">
         <name>binit</name>
         <value>0xffffffff</value>
      </symbol>
      <symbol id="sm-b">
         <name>__binit__</name>
         <value>0xffffffff</value>
      </symbol>
      <symbol id="sm-c">
         <name>__STACK_SIZE</name>
         <value>0x200</value>
      </symbol>
      <symbol id="sm-d">
         <name>__STACK_END</name>
         <value>0x20208000</value>
      </symbol>
      <symbol id="sm-e">
         <name>__SYSMEM_SIZE</name>
         <value>0x200</value>
      </symbol>
      <symbol id="sm-f">
         <name>__TI_pprof_out_hndl</name>
         <value>0xffffffff</value>
      </symbol>
      <symbol id="sm-10">
         <name>__TI_prof_data_start</name>
         <value>0xffffffff</value>
      </symbol>
      <symbol id="sm-11">
         <name>__TI_prof_data_size</name>
         <value>0xffffffff</value>
      </symbol>
      <symbol id="sm-49">
         <name>Clock_Freq</name>
         <value>0x162d</value>
         <object_component_ref idref="oc-139"/>
      </symbol>
      <symbol id="sm-4a">
         <name>BusFreq</name>
         <value>0x20200420</value>
         <object_component_ref idref="oc-103"/>
      </symbol>
      <symbol id="sm-4b">
         <name>Clock_Init80MHz</name>
         <value>0x909</value>
         <object_component_ref idref="oc-be"/>
      </symbol>
      <symbol id="sm-4c">
         <name>Clock_Delay</name>
         <value>0x160d</value>
         <object_component_ref idref="oc-134"/>
      </symbol>
      <symbol id="sm-4d">
         <name>SysTick_Init</name>
         <value>0x14fd</value>
         <object_component_ref idref="oc-ca"/>
      </symbol>
      <symbol id="sm-4e">
         <name>SysTick_Wait</name>
         <value>0x13ad</value>
         <object_component_ref idref="oc-123"/>
      </symbol>
      <symbol id="sm-4f">
         <name>SysTick_Wait10ms</name>
         <value>0x1465</value>
         <object_component_ref idref="oc-d3"/>
      </symbol>
      <symbol id="sm-5c">
         <name>Debug_Init</name>
         <value>0x1585</value>
         <object_component_ref idref="oc-cb"/>
      </symbol>
      <symbol id="sm-5d">
         <name>DebugCnt</name>
         <value>0x202001e0</value>
      </symbol>
      <symbol id="sm-5e">
         <name>Debug_Dump</name>
         <value>0x10b5</value>
         <object_component_ref idref="oc-d2"/>
      </symbol>
      <symbol id="sm-5f">
         <name>TimeBuffer</name>
         <value>0x202000c8</value>
      </symbol>
      <symbol id="sm-60">
         <name>DataBuffer</name>
         <value>0x20200000</value>
      </symbol>
      <symbol id="sm-9a">
         <name>OutCRLF</name>
         <value>0x161d</value>
         <object_component_ref idref="oc-6e"/>
      </symbol>
      <symbol id="sm-9b">
         <name>Random32</name>
         <value>0x14dd</value>
         <object_component_ref idref="oc-117"/>
      </symbol>
      <symbol id="sm-9c">
         <name>M</name>
         <value>0x202001f8</value>
      </symbol>
      <symbol id="sm-9d">
         <name>setUpper</name>
         <value>0x13e1</value>
         <object_component_ref idref="oc-116"/>
      </symbol>
      <symbol id="sm-9e">
         <name>CheckInitialization</name>
         <value>0x3dd</value>
         <object_component_ref idref="oc-118"/>
      </symbol>
      <symbol id="sm-9f">
         <name>ReadSouth</name>
         <value>0xfa5</value>
         <object_component_ref idref="oc-70"/>
      </symbol>
      <symbol id="sm-a0">
         <name>ReadSensor</name>
         <value>0xd99</value>
         <object_component_ref idref="oc-6f"/>
      </symbol>
      <symbol id="sm-a1">
         <name>ReadWest</name>
         <value>0x1105</value>
         <object_component_ref idref="oc-71"/>
      </symbol>
      <symbol id="sm-a2">
         <name>ReadWalk</name>
         <value>0x143d</value>
         <object_component_ref idref="oc-72"/>
      </symbol>
      <symbol id="sm-a3">
         <name>GetState</name>
         <value>0xe7d</value>
         <object_component_ref idref="oc-73"/>
      </symbol>
      <symbol id="sm-a4">
         <name>validPatterns</name>
         <value>0x1fb8</value>
         <object_component_ref idref="oc-b3"/>
      </symbol>
      <symbol id="sm-a5">
         <name>TIMG7_IRQHandler</name>
         <value>0xc1</value>
         <object_component_ref idref="oc-33"/>
      </symbol>
      <symbol id="sm-a6">
         <name>Time</name>
         <value>0x20200438</value>
         <object_component_ref idref="oc-77"/>
      </symbol>
      <symbol id="sm-a7">
         <name>in</name>
         <value>0x20200214</value>
      </symbol>
      <symbol id="sm-a8">
         <name>out</name>
         <value>0x20200218</value>
      </symbol>
      <symbol id="sm-a9">
         <name>LastIn</name>
         <value>0x202001e4</value>
      </symbol>
      <symbol id="sm-aa">
         <name>LastOut</name>
         <value>0x202001e8</value>
      </symbol>
      <symbol id="sm-ab">
         <name>state</name>
         <value>0x2020021c</value>
      </symbol>
      <symbol id="sm-ac">
         <name>LookingFlag</name>
         <value>0x202001f0</value>
      </symbol>
      <symbol id="sm-ad">
         <name>Patterns</name>
         <value>0x1fd4</value>
         <object_component_ref idref="oc-7f"/>
      </symbol>
      <symbol id="sm-ae">
         <name>LookingFor</name>
         <value>0x202001f4</value>
      </symbol>
      <symbol id="sm-af">
         <name>NeedState</name>
         <value>0x202001fc</value>
      </symbol>
      <symbol id="sm-b0">
         <name>pat</name>
         <value>0x1e54</value>
         <object_component_ref idref="oc-82"/>
      </symbol>
      <symbol id="sm-b1">
         <name>WrongState</name>
         <value>0x20200210</value>
      </symbol>
      <symbol id="sm-b2">
         <name>LastState</name>
         <value>0x202001ec</value>
      </symbol>
      <symbol id="sm-b3">
         <name>Grader_Init</name>
         <value>0x1415</value>
         <object_component_ref idref="oc-c8"/>
      </symbol>
      <symbol id="sm-b4">
         <name>Lab4Grader</name>
         <value>0x675</value>
         <object_component_ref idref="oc-d0"/>
      </symbol>
      <symbol id="sm-b5">
         <name>SouthProblem</name>
         <value>0x1c9c</value>
         <object_component_ref idref="oc-11d"/>
      </symbol>
      <symbol id="sm-b6">
         <name>WestProblem</name>
         <value>0x1f18</value>
         <object_component_ref idref="oc-11e"/>
      </symbol>
      <symbol id="sm-b7">
         <name>SensorProblem</name>
         <value>0x1b5c</value>
         <object_component_ref idref="oc-11f"/>
      </symbol>
      <symbol id="sm-b8">
         <name>PatternProblem</name>
         <value>0x1d8c</value>
         <object_component_ref idref="oc-120"/>
      </symbol>
      <symbol id="sm-cb">
         <name>Traffic_Init</name>
         <value>0xee1</value>
         <object_component_ref idref="oc-c9"/>
      </symbol>
      <symbol id="sm-cc">
         <name>Traffic_Out</name>
         <value>0x151d</value>
         <object_component_ref idref="oc-d1"/>
      </symbol>
      <symbol id="sm-cd">
         <name>Traffic_In</name>
         <value>0x15ad</value>
         <object_component_ref idref="oc-d4"/>
      </symbol>
      <symbol id="sm-ce">
         <name>EID1</name>
         <value>0x1fec</value>
         <object_component_ref idref="oc-11b"/>
      </symbol>
      <symbol id="sm-cf">
         <name>EID2</name>
         <value>0x1ff4</value>
         <object_component_ref idref="oc-11c"/>
      </symbol>
      <symbol id="sm-d0">
         <name>TrafficSystem</name>
         <value>0x18ec</value>
         <object_component_ref idref="oc-d5"/>
      </symbol>
      <symbol id="sm-d1">
         <name>main</name>
         <value>0xc95</value>
         <object_component_ref idref="oc-93"/>
      </symbol>
      <symbol id="sm-f1">
         <name>TxFifo_Init</name>
         <value>0x15c1</value>
         <object_component_ref idref="oc-137"/>
      </symbol>
      <symbol id="sm-f2">
         <name>TxGetI</name>
         <value>0x20200208</value>
      </symbol>
      <symbol id="sm-f3">
         <name>TxPutI</name>
         <value>0x2020020c</value>
      </symbol>
      <symbol id="sm-f4">
         <name>TxFifo_Put</name>
         <value>0x11e9</value>
         <object_component_ref idref="oc-f5"/>
      </symbol>
      <symbol id="sm-f5">
         <name>TxFifo_Get</name>
         <value>0x119d</value>
         <object_component_ref idref="oc-a4"/>
      </symbol>
      <symbol id="sm-f6">
         <name>TxFifo_Size</name>
         <value>0x1555</value>
         <object_component_ref idref="oc-61"/>
      </symbol>
      <symbol id="sm-f7">
         <name>RxFifo_Init</name>
         <value>0x1599</value>
         <object_component_ref idref="oc-138"/>
      </symbol>
      <symbol id="sm-f8">
         <name>RxGetI</name>
         <value>0x20200200</value>
      </symbol>
      <symbol id="sm-f9">
         <name>RxPutI</name>
         <value>0x20200204</value>
      </symbol>
      <symbol id="sm-fa">
         <name>RxFifo_Put</name>
         <value>0x1151</value>
         <object_component_ref idref="oc-a3"/>
      </symbol>
      <symbol id="sm-fb">
         <name>RxFifo_Size</name>
         <value>0x153d</value>
         <object_component_ref idref="oc-a2"/>
      </symbol>
      <symbol id="sm-108">
         <name>ActivatePortA_B</name>
         <value>0x133d</value>
         <object_component_ref idref="oc-106"/>
      </symbol>
      <symbol id="sm-109">
         <name>LaunchPad_Init</name>
         <value>0xd1d</value>
         <object_component_ref idref="oc-c3"/>
      </symbol>
      <symbol id="sm-116">
         <name>TimerG7_IntArm</name>
         <value>0xbed</value>
         <object_component_ref idref="oc-119"/>
      </symbol>
      <symbol id="sm-117">
         <name>TimerG12_Init</name>
         <value>0xf45</value>
         <object_component_ref idref="oc-109"/>
      </symbol>
      <symbol id="sm-122">
         <name>UART_OutString</name>
         <value>0x14b5</value>
         <object_component_ref idref="oc-68"/>
      </symbol>
      <symbol id="sm-123">
         <name>UART_OutUDec</name>
         <value>0x1375</value>
         <object_component_ref idref="oc-6d"/>
      </symbol>
      <symbol id="sm-13b">
         <name>UART_Init</name>
         <value>0xabd</value>
         <object_component_ref idref="oc-111"/>
      </symbol>
      <symbol id="sm-13c">
         <name>UART_OutChar</name>
         <value>0x1281</value>
         <object_component_ref idref="oc-a9"/>
      </symbol>
      <symbol id="sm-13d">
         <name>UART0_IRQHandler</name>
         <value>0x1001</value>
         <object_component_ref idref="oc-2e"/>
      </symbol>
      <symbol id="sm-14a">
         <name>Default_Handler</name>
         <value>0x1641</value>
         <object_component_ref idref="oc-2c"/>
      </symbol>
      <symbol id="sm-14b">
         <name>Reset_Handler</name>
         <value>0x1649</value>
         <object_component_ref idref="oc-28"/>
      </symbol>
      <symbol id="sm-14c">
         <name>HardFault_Handler</name>
         <value>0x1645</value>
         <object_component_ref idref="oc-2d"/>
      </symbol>
      <symbol id="sm-14d">
         <name>interruptVectors</name>
         <value>0x0</value>
         <object_component_ref idref="oc-18"/>
      </symbol>
      <symbol id="sm-14e">
         <name>NMI_Handler</name>
         <value>0x1641</value>
         <object_component_ref idref="oc-2c"/>
      </symbol>
      <symbol id="sm-14f">
         <name>SVC_Handler</name>
         <value>0x1641</value>
         <object_component_ref idref="oc-2c"/>
      </symbol>
      <symbol id="sm-150">
         <name>PendSV_Handler</name>
         <value>0x1641</value>
         <object_component_ref idref="oc-2c"/>
      </symbol>
      <symbol id="sm-151">
         <name>SysTick_Handler</name>
         <value>0x1641</value>
         <object_component_ref idref="oc-2c"/>
      </symbol>
      <symbol id="sm-152">
         <name>GROUP0_IRQHandler</name>
         <value>0x1641</value>
         <object_component_ref idref="oc-2c"/>
      </symbol>
      <symbol id="sm-153">
         <name>GROUP1_IRQHandler</name>
         <value>0x1641</value>
         <object_component_ref idref="oc-2c"/>
      </symbol>
      <symbol id="sm-154">
         <name>TIMG8_IRQHandler</name>
         <value>0x1641</value>
         <object_component_ref idref="oc-2c"/>
      </symbol>
      <symbol id="sm-155">
         <name>UART3_IRQHandler</name>
         <value>0x1641</value>
         <object_component_ref idref="oc-2c"/>
      </symbol>
      <symbol id="sm-156">
         <name>ADC0_IRQHandler</name>
         <value>0x1641</value>
         <object_component_ref idref="oc-2c"/>
      </symbol>
      <symbol id="sm-157">
         <name>ADC1_IRQHandler</name>
         <value>0x1641</value>
         <object_component_ref idref="oc-2c"/>
      </symbol>
      <symbol id="sm-158">
         <name>CANFD0_IRQHandler</name>
         <value>0x1641</value>
         <object_component_ref idref="oc-2c"/>
      </symbol>
      <symbol id="sm-159">
         <name>DAC0_IRQHandler</name>
         <value>0x1641</value>
         <object_component_ref idref="oc-2c"/>
      </symbol>
      <symbol id="sm-15a">
         <name>SPI0_IRQHandler</name>
         <value>0x1641</value>
         <object_component_ref idref="oc-2c"/>
      </symbol>
      <symbol id="sm-15b">
         <name>SPI1_IRQHandler</name>
         <value>0x1641</value>
         <object_component_ref idref="oc-2c"/>
      </symbol>
      <symbol id="sm-15c">
         <name>UART1_IRQHandler</name>
         <value>0x1641</value>
         <object_component_ref idref="oc-2c"/>
      </symbol>
      <symbol id="sm-15d">
         <name>UART2_IRQHandler</name>
         <value>0x1641</value>
         <object_component_ref idref="oc-2c"/>
      </symbol>
      <symbol id="sm-15e">
         <name>TIMG0_IRQHandler</name>
         <value>0x1641</value>
         <object_component_ref idref="oc-2c"/>
      </symbol>
      <symbol id="sm-15f">
         <name>TIMG6_IRQHandler</name>
         <value>0x1641</value>
         <object_component_ref idref="oc-2c"/>
      </symbol>
      <symbol id="sm-160">
         <name>TIMA0_IRQHandler</name>
         <value>0x1641</value>
         <object_component_ref idref="oc-2c"/>
      </symbol>
      <symbol id="sm-161">
         <name>TIMA1_IRQHandler</name>
         <value>0x1641</value>
         <object_component_ref idref="oc-2c"/>
      </symbol>
      <symbol id="sm-162">
         <name>TIMG12_IRQHandler</name>
         <value>0x1641</value>
         <object_component_ref idref="oc-2c"/>
      </symbol>
      <symbol id="sm-163">
         <name>I2C0_IRQHandler</name>
         <value>0x1641</value>
         <object_component_ref idref="oc-2c"/>
      </symbol>
      <symbol id="sm-164">
         <name>I2C1_IRQHandler</name>
         <value>0x1641</value>
         <object_component_ref idref="oc-2c"/>
      </symbol>
      <symbol id="sm-165">
         <name>AES_IRQHandler</name>
         <value>0x1641</value>
         <object_component_ref idref="oc-2c"/>
      </symbol>
      <symbol id="sm-166">
         <name>RTC_IRQHandler</name>
         <value>0x1641</value>
         <object_component_ref idref="oc-2c"/>
      </symbol>
      <symbol id="sm-167">
         <name>DMA_IRQHandler</name>
         <value>0x1641</value>
         <object_component_ref idref="oc-2c"/>
      </symbol>
      <symbol id="sm-173">
         <name>abort</name>
         <value>0x1651</value>
         <object_component_ref idref="oc-d8"/>
      </symbol>
      <symbol id="sm-174">
         <name>C$$EXIT</name>
         <value>0x1650</value>
         <object_component_ref idref="oc-d8"/>
      </symbol>
      <symbol id="sm-17d">
         <name>_sys_memory</name>
         <value>0x20200220</value>
         <object_component_ref idref="oc-26"/>
      </symbol>
      <symbol id="sm-186">
         <name>strcmp</name>
         <value>0x156d</value>
         <object_component_ref idref="oc-112"/>
      </symbol>
      <symbol id="sm-191">
         <name>_c_int00_noargs</name>
         <value>0x148d</value>
         <object_component_ref idref="oc-53"/>
      </symbol>
      <symbol id="sm-192">
         <name>__stack</name>
         <value>0x20207e00</value>
         <object_component_ref idref="oc-1a"/>
      </symbol>
      <symbol id="sm-19e">
         <name>__TI_auto_init_nobinit_nopinit</name>
         <value>0x1301</value>
         <object_component_ref idref="oc-df"/>
      </symbol>
      <symbol id="sm-1a6">
         <name>_system_pre_init</name>
         <value>0x164d</value>
         <object_component_ref idref="oc-8f"/>
      </symbol>
      <symbol id="sm-1b1">
         <name>__TI_zero_init_nomemset</name>
         <value>0x15d5</value>
         <object_component_ref idref="oc-4a"/>
      </symbol>
      <symbol id="sm-1ba">
         <name>__TI_decompress_none</name>
         <value>0x15fb</value>
         <object_component_ref idref="oc-20"/>
      </symbol>
      <symbol id="sm-1c5">
         <name>__TI_decompress_lzss</name>
         <value>0xe15</value>
         <object_component_ref idref="oc-1c"/>
      </symbol>
      <symbol id="sm-1dd">
         <name>__aeabi_memcpy</name>
         <value>0x1639</value>
         <object_component_ref idref="oc-43"/>
      </symbol>
      <symbol id="sm-1de">
         <name>__aeabi_memcpy4</name>
         <value>0x1639</value>
         <object_component_ref idref="oc-43"/>
      </symbol>
      <symbol id="sm-1df">
         <name>__aeabi_memcpy8</name>
         <value>0x1639</value>
         <object_component_ref idref="oc-43"/>
      </symbol>
      <symbol id="sm-1e5">
         <name>__aeabi_uidiv</name>
         <value>0x12c1</value>
         <object_component_ref idref="oc-ac"/>
      </symbol>
      <symbol id="sm-1e6">
         <name>__aeabi_uidivmod</name>
         <value>0x12c1</value>
         <object_component_ref idref="oc-ac"/>
      </symbol>
      <symbol id="sm-1f0">
         <name>__aeabi_idiv0</name>
         <value>0x13ab</value>
         <object_component_ref idref="oc-f6"/>
      </symbol>
      <symbol id="sm-1fa">
         <name>TI_memcpy_small</name>
         <value>0x15e9</value>
         <object_component_ref idref="oc-b4"/>
      </symbol>
      <symbol id="sm-1fb">
         <name>__TI_static_base__</name>
         <value>0x0</value>
      </symbol>
      <symbol id="sm-1fe">
         <name>__mpu_init</name>
         <value>0x0</value>
      </symbol>
      <symbol id="sm-1ff">
         <name>_system_post_cinit</name>
         <value>0x0</value>
      </symbol>
   </symbol_table>
   <title>Link successful</title>
</link_info>
